Archive member included to satisfy reference by file (symbol)

c:/ac6/systemworkbench/plugins/fr.ac6.mcu.externaltools.arm-none.win32_1.17.0.201812190825/tools/compiler/bin/../lib/gcc/arm-none-eabi/7.3.1/thumb/v6-m\libgcc.a(_udivsi3.o)
                              startup/system_stm32l0xx.o (__aeabi_uidiv)
c:/ac6/systemworkbench/plugins/fr.ac6.mcu.externaltools.arm-none.win32_1.17.0.201812190825/tools/compiler/bin/../lib/gcc/arm-none-eabi/7.3.1/thumb/v6-m\libgcc.a(_dvmd_tls.o)
                              c:/ac6/systemworkbench/plugins/fr.ac6.mcu.externaltools.arm-none.win32_1.17.0.201812190825/tools/compiler/bin/../lib/gcc/arm-none-eabi/7.3.1/thumb/v6-m\libgcc.a(_udivsi3.o) (__aeabi_idiv0)
c:/ac6/systemworkbench/plugins/fr.ac6.mcu.externaltools.arm-none.win32_1.17.0.201812190825/tools/compiler/bin/../lib/gcc/arm-none-eabi/7.3.1/../../../../arm-none-eabi/lib/thumb/v6-m\libc.a(lib_a-exit.o)
                              c:/ac6/systemworkbench/plugins/fr.ac6.mcu.externaltools.arm-none.win32_1.17.0.201812190825/tools/compiler/bin/../lib/gcc/arm-none-eabi/7.3.1/../../../../arm-none-eabi/lib/thumb/v6-m/crt0.o (exit)
c:/ac6/systemworkbench/plugins/fr.ac6.mcu.externaltools.arm-none.win32_1.17.0.201812190825/tools/compiler/bin/../lib/gcc/arm-none-eabi/7.3.1/../../../../arm-none-eabi/lib/thumb/v6-m\libc.a(lib_a-impure.o)
                              c:/ac6/systemworkbench/plugins/fr.ac6.mcu.externaltools.arm-none.win32_1.17.0.201812190825/tools/compiler/bin/../lib/gcc/arm-none-eabi/7.3.1/../../../../arm-none-eabi/lib/thumb/v6-m\libc.a(lib_a-exit.o) (_global_impure_ptr)
c:/ac6/systemworkbench/plugins/fr.ac6.mcu.externaltools.arm-none.win32_1.17.0.201812190825/tools/compiler/bin/../lib/gcc/arm-none-eabi/7.3.1/../../../../arm-none-eabi/lib/thumb/v6-m\libc.a(lib_a-init.o)
                              c:/ac6/systemworkbench/plugins/fr.ac6.mcu.externaltools.arm-none.win32_1.17.0.201812190825/tools/compiler/bin/../lib/gcc/arm-none-eabi/7.3.1/../../../../arm-none-eabi/lib/thumb/v6-m/crt0.o (__libc_init_array)
c:/ac6/systemworkbench/plugins/fr.ac6.mcu.externaltools.arm-none.win32_1.17.0.201812190825/tools/compiler/bin/../lib/gcc/arm-none-eabi/7.3.1/../../../../arm-none-eabi/lib/thumb/v6-m\libc.a(lib_a-memset.o)
                              c:/ac6/systemworkbench/plugins/fr.ac6.mcu.externaltools.arm-none.win32_1.17.0.201812190825/tools/compiler/bin/../lib/gcc/arm-none-eabi/7.3.1/../../../../arm-none-eabi/lib/thumb/v6-m/crt0.o (memset)
c:/ac6/systemworkbench/plugins/fr.ac6.mcu.externaltools.arm-none.win32_1.17.0.201812190825/tools/compiler/bin/../lib/gcc/arm-none-eabi/7.3.1/../../../../arm-none-eabi/lib/thumb/v6-m\libc.a(lib_a-__call_atexit.o)
                              c:/ac6/systemworkbench/plugins/fr.ac6.mcu.externaltools.arm-none.win32_1.17.0.201812190825/tools/compiler/bin/../lib/gcc/arm-none-eabi/7.3.1/../../../../arm-none-eabi/lib/thumb/v6-m\libc.a(lib_a-exit.o) (__call_exitprocs)
c:/ac6/systemworkbench/plugins/fr.ac6.mcu.externaltools.arm-none.win32_1.17.0.201812190825/tools/compiler/bin/../lib/gcc/arm-none-eabi/7.3.1/../../../../arm-none-eabi/lib/thumb/v6-m\libc.a(lib_a-atexit.o)
                              c:/ac6/systemworkbench/plugins/fr.ac6.mcu.externaltools.arm-none.win32_1.17.0.201812190825/tools/compiler/bin/../lib/gcc/arm-none-eabi/7.3.1/../../../../arm-none-eabi/lib/thumb/v6-m\libc.a(lib_a-__call_atexit.o) (atexit)
c:/ac6/systemworkbench/plugins/fr.ac6.mcu.externaltools.arm-none.win32_1.17.0.201812190825/tools/compiler/bin/../lib/gcc/arm-none-eabi/7.3.1/../../../../arm-none-eabi/lib/thumb/v6-m\libc.a(lib_a-fini.o)
                              c:/ac6/systemworkbench/plugins/fr.ac6.mcu.externaltools.arm-none.win32_1.17.0.201812190825/tools/compiler/bin/../lib/gcc/arm-none-eabi/7.3.1/../../../../arm-none-eabi/lib/thumb/v6-m\libc.a(lib_a-__call_atexit.o) (__libc_fini_array)
c:/ac6/systemworkbench/plugins/fr.ac6.mcu.externaltools.arm-none.win32_1.17.0.201812190825/tools/compiler/bin/../lib/gcc/arm-none-eabi/7.3.1/../../../../arm-none-eabi/lib/thumb/v6-m\libc.a(lib_a-lock.o)
                              c:/ac6/systemworkbench/plugins/fr.ac6.mcu.externaltools.arm-none.win32_1.17.0.201812190825/tools/compiler/bin/../lib/gcc/arm-none-eabi/7.3.1/../../../../arm-none-eabi/lib/thumb/v6-m\libc.a(lib_a-__call_atexit.o) (__retarget_lock_acquire_recursive)
c:/ac6/systemworkbench/plugins/fr.ac6.mcu.externaltools.arm-none.win32_1.17.0.201812190825/tools/compiler/bin/../lib/gcc/arm-none-eabi/7.3.1/../../../../arm-none-eabi/lib/thumb/v6-m\libc.a(lib_a-__atexit.o)
                              c:/ac6/systemworkbench/plugins/fr.ac6.mcu.externaltools.arm-none.win32_1.17.0.201812190825/tools/compiler/bin/../lib/gcc/arm-none-eabi/7.3.1/../../../../arm-none-eabi/lib/thumb/v6-m\libc.a(lib_a-atexit.o) (__register_exitproc)

Allocating common symbols
Common symbol       size              file

__lock___atexit_recursive_mutex
                    0x1               c:/ac6/systemworkbench/plugins/fr.ac6.mcu.externaltools.arm-none.win32_1.17.0.201812190825/tools/compiler/bin/../lib/gcc/arm-none-eabi/7.3.1/../../../../arm-none-eabi/lib/thumb/v6-m\libc.a(lib_a-lock.o)
__lock___arc4random_mutex
                    0x1               c:/ac6/systemworkbench/plugins/fr.ac6.mcu.externaltools.arm-none.win32_1.17.0.201812190825/tools/compiler/bin/../lib/gcc/arm-none-eabi/7.3.1/../../../../arm-none-eabi/lib/thumb/v6-m\libc.a(lib_a-lock.o)
__lock___env_recursive_mutex
                    0x1               c:/ac6/systemworkbench/plugins/fr.ac6.mcu.externaltools.arm-none.win32_1.17.0.201812190825/tools/compiler/bin/../lib/gcc/arm-none-eabi/7.3.1/../../../../arm-none-eabi/lib/thumb/v6-m\libc.a(lib_a-lock.o)
__lock___sinit_recursive_mutex
                    0x1               c:/ac6/systemworkbench/plugins/fr.ac6.mcu.externaltools.arm-none.win32_1.17.0.201812190825/tools/compiler/bin/../lib/gcc/arm-none-eabi/7.3.1/../../../../arm-none-eabi/lib/thumb/v6-m\libc.a(lib_a-lock.o)
__lock___malloc_recursive_mutex
                    0x1               c:/ac6/systemworkbench/plugins/fr.ac6.mcu.externaltools.arm-none.win32_1.17.0.201812190825/tools/compiler/bin/../lib/gcc/arm-none-eabi/7.3.1/../../../../arm-none-eabi/lib/thumb/v6-m\libc.a(lib_a-lock.o)
__lock___at_quick_exit_mutex
                    0x1               c:/ac6/systemworkbench/plugins/fr.ac6.mcu.externaltools.arm-none.win32_1.17.0.201812190825/tools/compiler/bin/../lib/gcc/arm-none-eabi/7.3.1/../../../../arm-none-eabi/lib/thumb/v6-m\libc.a(lib_a-lock.o)
__lock___dd_hash_mutex
                    0x1               c:/ac6/systemworkbench/plugins/fr.ac6.mcu.externaltools.arm-none.win32_1.17.0.201812190825/tools/compiler/bin/../lib/gcc/arm-none-eabi/7.3.1/../../../../arm-none-eabi/lib/thumb/v6-m\libc.a(lib_a-lock.o)
__lock___tz_mutex   0x1               c:/ac6/systemworkbench/plugins/fr.ac6.mcu.externaltools.arm-none.win32_1.17.0.201812190825/tools/compiler/bin/../lib/gcc/arm-none-eabi/7.3.1/../../../../arm-none-eabi/lib/thumb/v6-m\libc.a(lib_a-lock.o)
__lock___sfp_recursive_mutex
                    0x1               c:/ac6/systemworkbench/plugins/fr.ac6.mcu.externaltools.arm-none.win32_1.17.0.201812190825/tools/compiler/bin/../lib/gcc/arm-none-eabi/7.3.1/../../../../arm-none-eabi/lib/thumb/v6-m\libc.a(lib_a-lock.o)

Discarded input sections

 .text          0x00000000        0x0 c:/ac6/systemworkbench/plugins/fr.ac6.mcu.externaltools.arm-none.win32_1.17.0.201812190825/tools/compiler/bin/../lib/gcc/arm-none-eabi/7.3.1/thumb/v6-m/crti.o
 .data          0x00000000        0x0 c:/ac6/systemworkbench/plugins/fr.ac6.mcu.externaltools.arm-none.win32_1.17.0.201812190825/tools/compiler/bin/../lib/gcc/arm-none-eabi/7.3.1/thumb/v6-m/crti.o
 .bss           0x00000000        0x0 c:/ac6/systemworkbench/plugins/fr.ac6.mcu.externaltools.arm-none.win32_1.17.0.201812190825/tools/compiler/bin/../lib/gcc/arm-none-eabi/7.3.1/thumb/v6-m/crti.o
 .data          0x00000000        0x4 c:/ac6/systemworkbench/plugins/fr.ac6.mcu.externaltools.arm-none.win32_1.17.0.201812190825/tools/compiler/bin/../lib/gcc/arm-none-eabi/7.3.1/thumb/v6-m/crtbegin.o
 .text          0x00000000       0x78 c:/ac6/systemworkbench/plugins/fr.ac6.mcu.externaltools.arm-none.win32_1.17.0.201812190825/tools/compiler/bin/../lib/gcc/arm-none-eabi/7.3.1/../../../../arm-none-eabi/lib/thumb/v6-m/crt0.o
 .data          0x00000000        0x0 c:/ac6/systemworkbench/plugins/fr.ac6.mcu.externaltools.arm-none.win32_1.17.0.201812190825/tools/compiler/bin/../lib/gcc/arm-none-eabi/7.3.1/../../../../arm-none-eabi/lib/thumb/v6-m/crt0.o
 .bss           0x00000000        0x0 c:/ac6/systemworkbench/plugins/fr.ac6.mcu.externaltools.arm-none.win32_1.17.0.201812190825/tools/compiler/bin/../lib/gcc/arm-none-eabi/7.3.1/../../../../arm-none-eabi/lib/thumb/v6-m/crt0.o
 .ARM.extab     0x00000000        0x0 c:/ac6/systemworkbench/plugins/fr.ac6.mcu.externaltools.arm-none.win32_1.17.0.201812190825/tools/compiler/bin/../lib/gcc/arm-none-eabi/7.3.1/../../../../arm-none-eabi/lib/thumb/v6-m/crt0.o
 .ARM.exidx     0x00000000        0x8 c:/ac6/systemworkbench/plugins/fr.ac6.mcu.externaltools.arm-none.win32_1.17.0.201812190825/tools/compiler/bin/../lib/gcc/arm-none-eabi/7.3.1/../../../../arm-none-eabi/lib/thumb/v6-m/crt0.o
 .ARM.attributes
                0x00000000       0x1b c:/ac6/systemworkbench/plugins/fr.ac6.mcu.externaltools.arm-none.win32_1.17.0.201812190825/tools/compiler/bin/../lib/gcc/arm-none-eabi/7.3.1/../../../../arm-none-eabi/lib/thumb/v6-m/crt0.o
 .group         0x00000000        0xc src/clock.o
 .group         0x00000000        0xc src/clock.o
 .group         0x00000000        0xc src/clock.o
 .group         0x00000000        0xc src/clock.o
 .group         0x00000000        0xc src/clock.o
 .group         0x00000000        0xc src/clock.o
 .group         0x00000000        0xc src/clock.o
 .group         0x00000000        0xc src/clock.o
 .group         0x00000000        0xc src/clock.o
 .group         0x00000000        0xc src/clock.o
 .group         0x00000000        0xc src/clock.o
 .group         0x00000000        0xc src/clock.o
 .text          0x00000000        0x0 src/clock.o
 .data          0x00000000        0x0 src/clock.o
 .bss           0x00000000        0x0 src/clock.o
 .group         0x00000000        0xc src/i2c.o
 .group         0x00000000        0xc src/i2c.o
 .group         0x00000000        0xc src/i2c.o
 .group         0x00000000        0xc src/i2c.o
 .group         0x00000000        0xc src/i2c.o
 .group         0x00000000        0xc src/i2c.o
 .group         0x00000000        0xc src/i2c.o
 .group         0x00000000        0xc src/i2c.o
 .group         0x00000000        0xc src/i2c.o
 .group         0x00000000        0xc src/i2c.o
 .group         0x00000000        0xc src/i2c.o
 .group         0x00000000        0xc src/i2c.o
 .group         0x00000000        0xc src/i2c.o
 .group         0x00000000        0xc src/i2c.o
 .group         0x00000000        0xc src/i2c.o
 .group         0x00000000        0xc src/i2c.o
 .group         0x00000000        0xc src/i2c.o
 .group         0x00000000        0xc src/i2c.o
 .group         0x00000000        0xc src/i2c.o
 .group         0x00000000        0xc src/i2c.o
 .group         0x00000000        0xc src/i2c.o
 .group         0x00000000        0xc src/i2c.o
 .group         0x00000000        0xc src/i2c.o
 .group         0x00000000        0xc src/i2c.o
 .group         0x00000000        0xc src/i2c.o
 .group         0x00000000        0xc src/i2c.o
 .group         0x00000000        0xc src/i2c.o
 .group         0x00000000        0xc src/i2c.o
 .group         0x00000000        0xc src/i2c.o
 .group         0x00000000        0xc src/i2c.o
 .group         0x00000000        0xc src/i2c.o
 .group         0x00000000        0xc src/i2c.o
 .group         0x00000000        0xc src/i2c.o
 .group         0x00000000        0xc src/i2c.o
 .group         0x00000000        0xc src/i2c.o
 .group         0x00000000        0xc src/i2c.o
 .group         0x00000000        0xc src/i2c.o
 .group         0x00000000        0xc src/i2c.o
 .group         0x00000000        0xc src/i2c.o
 .group         0x00000000        0xc src/i2c.o
 .group         0x00000000        0xc src/i2c.o
 .group         0x00000000        0xc src/i2c.o
 .group         0x00000000        0xc src/i2c.o
 .group         0x00000000        0xc src/i2c.o
 .group         0x00000000        0xc src/i2c.o
 .group         0x00000000        0xc src/i2c.o
 .group         0x00000000        0xc src/i2c.o
 .group         0x00000000        0xc src/i2c.o
 .group         0x00000000        0xc src/i2c.o
 .group         0x00000000        0xc src/i2c.o
 .group         0x00000000        0xc src/i2c.o
 .group         0x00000000        0xc src/i2c.o
 .group         0x00000000        0xc src/i2c.o
 .group         0x00000000        0xc src/i2c.o
 .group         0x00000000        0xc src/i2c.o
 .group         0x00000000        0xc src/i2c.o
 .group         0x00000000        0xc src/i2c.o
 .group         0x00000000        0xc src/i2c.o
 .group         0x00000000        0xc src/i2c.o
 .group         0x00000000        0xc src/i2c.o
 .group         0x00000000        0xc src/i2c.o
 .group         0x00000000        0xc src/i2c.o
 .group         0x00000000        0xc src/i2c.o
 .group         0x00000000        0xc src/i2c.o
 .text          0x00000000        0x0 src/i2c.o
 .data          0x00000000        0x0 src/i2c.o
 .bss           0x00000000        0x0 src/i2c.o
 .debug_macro   0x00000000      0xa5a src/i2c.o
 .debug_macro   0x00000000       0x22 src/i2c.o
 .debug_macro   0x00000000       0x56 src/i2c.o
 .debug_macro   0x00000000       0x51 src/i2c.o
 .debug_macro   0x00000000       0xef src/i2c.o
 .debug_macro   0x00000000       0x6a src/i2c.o
 .debug_macro   0x00000000      0x1df src/i2c.o
 .debug_macro   0x00000000       0x28 src/i2c.o
 .debug_macro   0x00000000       0x26 src/i2c.o
 .debug_macro   0x00000000      0x44f src/i2c.o
 .debug_macro   0x00000000     0xa43e src/i2c.o
 .group         0x00000000        0xc src/lcd.o
 .group         0x00000000        0xc src/lcd.o
 .group         0x00000000        0xc src/lcd.o
 .group         0x00000000        0xc src/lcd.o
 .group         0x00000000        0xc src/lcd.o
 .group         0x00000000        0xc src/lcd.o
 .group         0x00000000        0xc src/lcd.o
 .group         0x00000000        0xc src/lcd.o
 .group         0x00000000        0xc src/lcd.o
 .text          0x00000000        0x0 src/lcd.o
 .data          0x00000000        0x0 src/lcd.o
 .text.lcd_return_home
                0x00000000       0x1c src/lcd.o
 .text.lcd_set_cursor
                0x00000000       0x24 src/lcd.o
 .debug_macro   0x00000000      0xa5a src/lcd.o
 .debug_macro   0x00000000       0x22 src/lcd.o
 .debug_macro   0x00000000       0x56 src/lcd.o
 .debug_macro   0x00000000       0x51 src/lcd.o
 .debug_macro   0x00000000       0xef src/lcd.o
 .debug_macro   0x00000000       0x6a src/lcd.o
 .debug_macro   0x00000000      0x1df src/lcd.o
 .debug_macro   0x00000000       0x22 src/lcd.o
 .debug_macro   0x00000000      0x16d src/lcd.o
 .group         0x00000000        0xc src/main.o
 .group         0x00000000        0xc src/main.o
 .group         0x00000000        0xc src/main.o
 .group         0x00000000        0xc src/main.o
 .group         0x00000000        0xc src/main.o
 .group         0x00000000        0xc src/main.o
 .group         0x00000000        0xc src/main.o
 .group         0x00000000        0xc src/main.o
 .group         0x00000000        0xc src/main.o
 .group         0x00000000        0xc src/main.o
 .group         0x00000000        0xc src/main.o
 .group         0x00000000        0xc src/main.o
 .group         0x00000000        0xc src/main.o
 .text          0x00000000        0x0 src/main.o
 .data          0x00000000        0x0 src/main.o
 .bss           0x00000000        0x0 src/main.o
 .debug_macro   0x00000000      0xa5a src/main.o
 .debug_macro   0x00000000       0x22 src/main.o
 .debug_macro   0x00000000       0x56 src/main.o
 .debug_macro   0x00000000       0x51 src/main.o
 .debug_macro   0x00000000       0xef src/main.o
 .debug_macro   0x00000000       0x6a src/main.o
 .debug_macro   0x00000000      0x1df src/main.o
 .debug_macro   0x00000000       0x22 src/main.o
 .debug_macro   0x00000000       0x28 src/main.o
 .debug_macro   0x00000000       0x3a src/main.o
 .debug_macro   0x00000000       0x26 src/main.o
 .debug_macro   0x00000000      0x44f src/main.o
 .debug_macro   0x00000000     0xa43e src/main.o
 .group         0x00000000        0xc src/systick.o
 .group         0x00000000        0xc src/systick.o
 .group         0x00000000        0xc src/systick.o
 .group         0x00000000        0xc src/systick.o
 .group         0x00000000        0xc src/systick.o
 .group         0x00000000        0xc src/systick.o
 .group         0x00000000        0xc src/systick.o
 .group         0x00000000        0xc src/systick.o
 .group         0x00000000        0xc src/systick.o
 .group         0x00000000        0xc src/systick.o
 .group         0x00000000        0xc src/systick.o
 .group         0x00000000        0xc src/systick.o
 .group         0x00000000        0xc src/systick.o
 .group         0x00000000        0xc src/systick.o
 .group         0x00000000        0xc src/systick.o
 .group         0x00000000        0xc src/systick.o
 .group         0x00000000        0xc src/systick.o
 .group         0x00000000        0xc src/systick.o
 .group         0x00000000        0xc src/systick.o
 .group         0x00000000        0xc src/systick.o
 .group         0x00000000        0xc src/systick.o
 .group         0x00000000        0xc src/systick.o
 .group         0x00000000        0xc src/systick.o
 .group         0x00000000        0xc src/systick.o
 .group         0x00000000        0xc src/systick.o
 .group         0x00000000        0xc src/systick.o
 .group         0x00000000        0xc src/systick.o
 .group         0x00000000        0xc src/systick.o
 .group         0x00000000        0xc src/systick.o
 .group         0x00000000        0xc src/systick.o
 .group         0x00000000        0xc src/systick.o
 .group         0x00000000        0xc src/systick.o
 .group         0x00000000        0xc src/systick.o
 .group         0x00000000        0xc src/systick.o
 .group         0x00000000        0xc src/systick.o
 .group         0x00000000        0xc src/systick.o
 .group         0x00000000        0xc src/systick.o
 .group         0x00000000        0xc src/systick.o
 .group         0x00000000        0xc src/systick.o
 .group         0x00000000        0xc src/systick.o
 .group         0x00000000        0xc src/systick.o
 .group         0x00000000        0xc src/systick.o
 .group         0x00000000        0xc src/systick.o
 .group         0x00000000        0xc src/systick.o
 .group         0x00000000        0xc src/systick.o
 .group         0x00000000        0xc src/systick.o
 .group         0x00000000        0xc src/systick.o
 .group         0x00000000        0xc src/systick.o
 .group         0x00000000        0xc src/systick.o
 .group         0x00000000        0xc src/systick.o
 .group         0x00000000        0xc src/systick.o
 .group         0x00000000        0xc src/systick.o
 .group         0x00000000        0xc src/systick.o
 .group         0x00000000        0xc src/systick.o
 .group         0x00000000        0xc src/systick.o
 .group         0x00000000        0xc src/systick.o
 .group         0x00000000        0xc src/systick.o
 .group         0x00000000        0xc src/systick.o
 .group         0x00000000        0xc src/systick.o
 .group         0x00000000        0xc src/systick.o
 .group         0x00000000        0xc src/systick.o
 .group         0x00000000        0xc src/systick.o
 .group         0x00000000        0xc src/systick.o
 .text          0x00000000        0x0 src/systick.o
 .data          0x00000000        0x0 src/systick.o
 .debug_macro   0x00000000      0xa5a src/systick.o
 .debug_macro   0x00000000       0x22 src/systick.o
 .debug_macro   0x00000000       0x56 src/systick.o
 .debug_macro   0x00000000       0x51 src/systick.o
 .debug_macro   0x00000000       0xef src/systick.o
 .debug_macro   0x00000000       0x6a src/systick.o
 .debug_macro   0x00000000      0x1df src/systick.o
 .debug_macro   0x00000000       0x28 src/systick.o
 .debug_macro   0x00000000       0x28 src/systick.o
 .debug_macro   0x00000000       0x3a src/systick.o
 .debug_macro   0x00000000       0x26 src/systick.o
 .debug_macro   0x00000000      0x44f src/systick.o
 .debug_macro   0x00000000     0xa43e src/systick.o
 .debug_macro   0x00000000       0x3c src/systick.o
 .debug_macro   0x00000000      0x11b src/systick.o
 .debug_macro   0x00000000     0x352c src/systick.o
 .debug_macro   0x00000000      0x16d src/systick.o
 .debug_macro   0x00000000       0x5b src/systick.o
 .debug_macro   0x00000000      0x8e4 src/systick.o
 .debug_macro   0x00000000      0xbb4 src/systick.o
 .debug_macro   0x00000000      0x13f src/systick.o
 .debug_macro   0x00000000      0x1d1 src/systick.o
 .debug_macro   0x00000000      0x28e src/systick.o
 .debug_macro   0x00000000      0x1e9 src/systick.o
 .debug_macro   0x00000000      0x4ef src/systick.o
 .debug_macro   0x00000000       0x6b src/systick.o
 .debug_macro   0x00000000      0x24e src/systick.o
 .debug_macro   0x00000000       0xd5 src/systick.o
 .debug_macro   0x00000000       0x4c src/systick.o
 .debug_macro   0x00000000      0x122 src/systick.o
 .debug_macro   0x00000000       0xa0 src/systick.o
 .debug_macro   0x00000000      0x13e src/systick.o
 .debug_macro   0x00000000      0x4b5 src/systick.o
 .debug_macro   0x00000000      0x22c src/systick.o
 .debug_macro   0x00000000       0x5b src/systick.o
 .debug_macro   0x00000000       0xa5 src/systick.o
 .debug_macro   0x00000000      0x1a0 src/systick.o
 .debug_macro   0x00000000       0x85 src/systick.o
 .debug_macro   0x00000000      0x3f4 src/systick.o
 .debug_macro   0x00000000      0x25c src/systick.o
 .debug_macro   0x00000000      0x18d src/systick.o
 .debug_macro   0x00000000       0x16 src/systick.o
 .debug_macro   0x00000000       0x8f src/systick.o
 .debug_macro   0x00000000      0x30c src/systick.o
 .debug_macro   0x00000000      0x418 src/systick.o
 .debug_macro   0x00000000       0xdd src/systick.o
 .debug_macro   0x00000000      0x22c src/systick.o
 .debug_macro   0x00000000      0x734 src/systick.o
 .debug_macro   0x00000000       0xfc src/systick.o
 .debug_macro   0x00000000      0x3d0 src/systick.o
 .debug_macro   0x00000000      0x57b src/systick.o
 .debug_macro   0x00000000       0x44 src/systick.o
 .debug_macro   0x00000000      0x279 src/systick.o
 .debug_macro   0x00000000       0x30 src/systick.o
 .debug_macro   0x00000000      0x2b8 src/systick.o
 .debug_macro   0x00000000       0x30 src/systick.o
 .debug_macro   0x00000000      0x2bf src/systick.o
 .debug_macro   0x00000000      0x11d src/systick.o
 .debug_macro   0x00000000      0x353 src/systick.o
 .debug_macro   0x00000000       0x8d src/systick.o
 .debug_macro   0x00000000       0x57 src/systick.o
 .debug_macro   0x00000000      0x25e src/systick.o
 .debug_macro   0x00000000      0x199 src/systick.o
 .text          0x00000000       0x14 startup/startup_stm32l073xx.o
 .data          0x00000000        0x0 startup/startup_stm32l073xx.o
 .bss           0x00000000        0x0 startup/startup_stm32l073xx.o
 .group         0x00000000        0xc startup/system_stm32l0xx.o
 .group         0x00000000        0xc startup/system_stm32l0xx.o
 .group         0x00000000        0xc startup/system_stm32l0xx.o
 .group         0x00000000        0xc startup/system_stm32l0xx.o
 .group         0x00000000        0xc startup/system_stm32l0xx.o
 .group         0x00000000        0xc startup/system_stm32l0xx.o
 .group         0x00000000        0xc startup/system_stm32l0xx.o
 .group         0x00000000        0xc startup/system_stm32l0xx.o
 .group         0x00000000        0xc startup/system_stm32l0xx.o
 .group         0x00000000        0xc startup/system_stm32l0xx.o
 .group         0x00000000        0xc startup/system_stm32l0xx.o
 .group         0x00000000        0xc startup/system_stm32l0xx.o
 .group         0x00000000        0xc startup/system_stm32l0xx.o
 .group         0x00000000        0xc startup/system_stm32l0xx.o
 .group         0x00000000        0xc startup/system_stm32l0xx.o
 .group         0x00000000        0xc startup/system_stm32l0xx.o
 .group         0x00000000        0xc startup/system_stm32l0xx.o
 .group         0x00000000        0xc startup/system_stm32l0xx.o
 .group         0x00000000        0xc startup/system_stm32l0xx.o
 .group         0x00000000        0xc startup/system_stm32l0xx.o
 .group         0x00000000        0xc startup/system_stm32l0xx.o
 .group         0x00000000        0xc startup/system_stm32l0xx.o
 .group         0x00000000        0xc startup/system_stm32l0xx.o
 .group         0x00000000        0xc startup/system_stm32l0xx.o
 .group         0x00000000        0xc startup/system_stm32l0xx.o
 .group         0x00000000        0xc startup/system_stm32l0xx.o
 .group         0x00000000        0xc startup/system_stm32l0xx.o
 .group         0x00000000        0xc startup/system_stm32l0xx.o
 .group         0x00000000        0xc startup/system_stm32l0xx.o
 .group         0x00000000        0xc startup/system_stm32l0xx.o
 .group         0x00000000        0xc startup/system_stm32l0xx.o
 .group         0x00000000        0xc startup/system_stm32l0xx.o
 .group         0x00000000        0xc startup/system_stm32l0xx.o
 .group         0x00000000        0xc startup/system_stm32l0xx.o
 .group         0x00000000        0xc startup/system_stm32l0xx.o
 .group         0x00000000        0xc startup/system_stm32l0xx.o
 .group         0x00000000        0xc startup/system_stm32l0xx.o
 .group         0x00000000        0xc startup/system_stm32l0xx.o
 .group         0x00000000        0xc startup/system_stm32l0xx.o
 .group         0x00000000        0xc startup/system_stm32l0xx.o
 .group         0x00000000        0xc startup/system_stm32l0xx.o
 .group         0x00000000        0xc startup/system_stm32l0xx.o
 .group         0x00000000        0xc startup/system_stm32l0xx.o
 .group         0x00000000        0xc startup/system_stm32l0xx.o
 .group         0x00000000        0xc startup/system_stm32l0xx.o
 .group         0x00000000        0xc startup/system_stm32l0xx.o
 .group         0x00000000        0xc startup/system_stm32l0xx.o
 .group         0x00000000        0xc startup/system_stm32l0xx.o
 .group         0x00000000        0xc startup/system_stm32l0xx.o
 .group         0x00000000        0xc startup/system_stm32l0xx.o
 .group         0x00000000        0xc startup/system_stm32l0xx.o
 .group         0x00000000        0xc startup/system_stm32l0xx.o
 .group         0x00000000        0xc startup/system_stm32l0xx.o
 .group         0x00000000        0xc startup/system_stm32l0xx.o
 .group         0x00000000        0xc startup/system_stm32l0xx.o
 .group         0x00000000        0xc startup/system_stm32l0xx.o
 .group         0x00000000        0xc startup/system_stm32l0xx.o
 .group         0x00000000        0xc startup/system_stm32l0xx.o
 .group         0x00000000        0xc startup/system_stm32l0xx.o
 .group         0x00000000        0xc startup/system_stm32l0xx.o
 .group         0x00000000        0xc startup/system_stm32l0xx.o
 .group         0x00000000        0xc startup/system_stm32l0xx.o
 .group         0x00000000        0xc startup/system_stm32l0xx.o
 .text          0x00000000        0x0 startup/system_stm32l0xx.o
 .bss           0x00000000        0x0 startup/system_stm32l0xx.o
 .debug_macro   0x00000000      0xa5a startup/system_stm32l0xx.o
 .debug_macro   0x00000000       0x28 startup/system_stm32l0xx.o
 .debug_macro   0x00000000       0x28 startup/system_stm32l0xx.o
 .debug_macro   0x00000000       0x22 startup/system_stm32l0xx.o
 .debug_macro   0x00000000       0x56 startup/system_stm32l0xx.o
 .debug_macro   0x00000000       0x51 startup/system_stm32l0xx.o
 .debug_macro   0x00000000       0xef startup/system_stm32l0xx.o
 .debug_macro   0x00000000       0x6a startup/system_stm32l0xx.o
 .debug_macro   0x00000000      0x1df startup/system_stm32l0xx.o
 .debug_macro   0x00000000       0x34 startup/system_stm32l0xx.o
 .debug_macro   0x00000000       0x26 startup/system_stm32l0xx.o
 .debug_macro   0x00000000      0x44f startup/system_stm32l0xx.o
 .debug_macro   0x00000000     0xa43e startup/system_stm32l0xx.o
 .debug_macro   0x00000000       0x3c startup/system_stm32l0xx.o
 .debug_macro   0x00000000      0x11b startup/system_stm32l0xx.o
 .debug_macro   0x00000000     0x352c startup/system_stm32l0xx.o
 .debug_macro   0x00000000      0x16d startup/system_stm32l0xx.o
 .debug_macro   0x00000000       0x5b startup/system_stm32l0xx.o
 .debug_macro   0x00000000      0x8e4 startup/system_stm32l0xx.o
 .debug_macro   0x00000000      0xbb4 startup/system_stm32l0xx.o
 .debug_macro   0x00000000      0x13f startup/system_stm32l0xx.o
 .debug_macro   0x00000000      0x1d1 startup/system_stm32l0xx.o
 .debug_macro   0x00000000      0x28e startup/system_stm32l0xx.o
 .debug_macro   0x00000000      0x1e9 startup/system_stm32l0xx.o
 .debug_macro   0x00000000      0x4ef startup/system_stm32l0xx.o
 .debug_macro   0x00000000       0x6b startup/system_stm32l0xx.o
 .debug_macro   0x00000000      0x24e startup/system_stm32l0xx.o
 .debug_macro   0x00000000       0xd5 startup/system_stm32l0xx.o
 .debug_macro   0x00000000       0x4c startup/system_stm32l0xx.o
 .debug_macro   0x00000000      0x122 startup/system_stm32l0xx.o
 .debug_macro   0x00000000       0xa0 startup/system_stm32l0xx.o
 .debug_macro   0x00000000      0x13e startup/system_stm32l0xx.o
 .debug_macro   0x00000000      0x4b5 startup/system_stm32l0xx.o
 .debug_macro   0x00000000      0x22c startup/system_stm32l0xx.o
 .debug_macro   0x00000000       0x5b startup/system_stm32l0xx.o
 .debug_macro   0x00000000       0xa5 startup/system_stm32l0xx.o
 .debug_macro   0x00000000      0x1a0 startup/system_stm32l0xx.o
 .debug_macro   0x00000000       0x85 startup/system_stm32l0xx.o
 .debug_macro   0x00000000      0x3f4 startup/system_stm32l0xx.o
 .debug_macro   0x00000000      0x25c startup/system_stm32l0xx.o
 .debug_macro   0x00000000      0x18d startup/system_stm32l0xx.o
 .debug_macro   0x00000000       0x16 startup/system_stm32l0xx.o
 .debug_macro   0x00000000       0x8f startup/system_stm32l0xx.o
 .debug_macro   0x00000000      0x30c startup/system_stm32l0xx.o
 .debug_macro   0x00000000      0x418 startup/system_stm32l0xx.o
 .debug_macro   0x00000000       0xdd startup/system_stm32l0xx.o
 .debug_macro   0x00000000      0x22c startup/system_stm32l0xx.o
 .debug_macro   0x00000000      0x734 startup/system_stm32l0xx.o
 .debug_macro   0x00000000       0xfc startup/system_stm32l0xx.o
 .debug_macro   0x00000000      0x3d0 startup/system_stm32l0xx.o
 .debug_macro   0x00000000      0x57b startup/system_stm32l0xx.o
 .debug_macro   0x00000000       0x44 startup/system_stm32l0xx.o
 .debug_macro   0x00000000      0x279 startup/system_stm32l0xx.o
 .debug_macro   0x00000000       0x30 startup/system_stm32l0xx.o
 .debug_macro   0x00000000      0x2b8 startup/system_stm32l0xx.o
 .debug_macro   0x00000000       0x30 startup/system_stm32l0xx.o
 .debug_macro   0x00000000      0x2bf startup/system_stm32l0xx.o
 .debug_macro   0x00000000      0x11d startup/system_stm32l0xx.o
 .debug_macro   0x00000000      0x353 startup/system_stm32l0xx.o
 .debug_macro   0x00000000       0x8d startup/system_stm32l0xx.o
 .debug_macro   0x00000000       0x57 startup/system_stm32l0xx.o
 .debug_macro   0x00000000      0x25e startup/system_stm32l0xx.o
 .debug_macro   0x00000000      0x199 startup/system_stm32l0xx.o
 .data          0x00000000        0x0 c:/ac6/systemworkbench/plugins/fr.ac6.mcu.externaltools.arm-none.win32_1.17.0.201812190825/tools/compiler/bin/../lib/gcc/arm-none-eabi/7.3.1/thumb/v6-m\libgcc.a(_udivsi3.o)
 .bss           0x00000000        0x0 c:/ac6/systemworkbench/plugins/fr.ac6.mcu.externaltools.arm-none.win32_1.17.0.201812190825/tools/compiler/bin/../lib/gcc/arm-none-eabi/7.3.1/thumb/v6-m\libgcc.a(_udivsi3.o)
 .data          0x00000000        0x0 c:/ac6/systemworkbench/plugins/fr.ac6.mcu.externaltools.arm-none.win32_1.17.0.201812190825/tools/compiler/bin/../lib/gcc/arm-none-eabi/7.3.1/thumb/v6-m\libgcc.a(_dvmd_tls.o)
 .bss           0x00000000        0x0 c:/ac6/systemworkbench/plugins/fr.ac6.mcu.externaltools.arm-none.win32_1.17.0.201812190825/tools/compiler/bin/../lib/gcc/arm-none-eabi/7.3.1/thumb/v6-m\libgcc.a(_dvmd_tls.o)
 .text          0x00000000        0x0 c:/ac6/systemworkbench/plugins/fr.ac6.mcu.externaltools.arm-none.win32_1.17.0.201812190825/tools/compiler/bin/../lib/gcc/arm-none-eabi/7.3.1/../../../../arm-none-eabi/lib/thumb/v6-m\libc.a(lib_a-exit.o)
 .data          0x00000000        0x0 c:/ac6/systemworkbench/plugins/fr.ac6.mcu.externaltools.arm-none.win32_1.17.0.201812190825/tools/compiler/bin/../lib/gcc/arm-none-eabi/7.3.1/../../../../arm-none-eabi/lib/thumb/v6-m\libc.a(lib_a-exit.o)
 .bss           0x00000000        0x0 c:/ac6/systemworkbench/plugins/fr.ac6.mcu.externaltools.arm-none.win32_1.17.0.201812190825/tools/compiler/bin/../lib/gcc/arm-none-eabi/7.3.1/../../../../arm-none-eabi/lib/thumb/v6-m\libc.a(lib_a-exit.o)
 .text.exit     0x00000000       0x20 c:/ac6/systemworkbench/plugins/fr.ac6.mcu.externaltools.arm-none.win32_1.17.0.201812190825/tools/compiler/bin/../lib/gcc/arm-none-eabi/7.3.1/../../../../arm-none-eabi/lib/thumb/v6-m\libc.a(lib_a-exit.o)
 .debug_frame   0x00000000       0x28 c:/ac6/systemworkbench/plugins/fr.ac6.mcu.externaltools.arm-none.win32_1.17.0.201812190825/tools/compiler/bin/../lib/gcc/arm-none-eabi/7.3.1/../../../../arm-none-eabi/lib/thumb/v6-m\libc.a(lib_a-exit.o)
 .ARM.attributes
                0x00000000       0x2c c:/ac6/systemworkbench/plugins/fr.ac6.mcu.externaltools.arm-none.win32_1.17.0.201812190825/tools/compiler/bin/../lib/gcc/arm-none-eabi/7.3.1/../../../../arm-none-eabi/lib/thumb/v6-m\libc.a(lib_a-exit.o)
 .text          0x00000000        0x0 c:/ac6/systemworkbench/plugins/fr.ac6.mcu.externaltools.arm-none.win32_1.17.0.201812190825/tools/compiler/bin/../lib/gcc/arm-none-eabi/7.3.1/../../../../arm-none-eabi/lib/thumb/v6-m\libc.a(lib_a-impure.o)
 .data          0x00000000        0x0 c:/ac6/systemworkbench/plugins/fr.ac6.mcu.externaltools.arm-none.win32_1.17.0.201812190825/tools/compiler/bin/../lib/gcc/arm-none-eabi/7.3.1/../../../../arm-none-eabi/lib/thumb/v6-m\libc.a(lib_a-impure.o)
 .bss           0x00000000        0x0 c:/ac6/systemworkbench/plugins/fr.ac6.mcu.externaltools.arm-none.win32_1.17.0.201812190825/tools/compiler/bin/../lib/gcc/arm-none-eabi/7.3.1/../../../../arm-none-eabi/lib/thumb/v6-m\libc.a(lib_a-impure.o)
 .data._impure_ptr
                0x00000000        0x4 c:/ac6/systemworkbench/plugins/fr.ac6.mcu.externaltools.arm-none.win32_1.17.0.201812190825/tools/compiler/bin/../lib/gcc/arm-none-eabi/7.3.1/../../../../arm-none-eabi/lib/thumb/v6-m\libc.a(lib_a-impure.o)
 .text          0x00000000        0x0 c:/ac6/systemworkbench/plugins/fr.ac6.mcu.externaltools.arm-none.win32_1.17.0.201812190825/tools/compiler/bin/../lib/gcc/arm-none-eabi/7.3.1/../../../../arm-none-eabi/lib/thumb/v6-m\libc.a(lib_a-init.o)
 .data          0x00000000        0x0 c:/ac6/systemworkbench/plugins/fr.ac6.mcu.externaltools.arm-none.win32_1.17.0.201812190825/tools/compiler/bin/../lib/gcc/arm-none-eabi/7.3.1/../../../../arm-none-eabi/lib/thumb/v6-m\libc.a(lib_a-init.o)
 .bss           0x00000000        0x0 c:/ac6/systemworkbench/plugins/fr.ac6.mcu.externaltools.arm-none.win32_1.17.0.201812190825/tools/compiler/bin/../lib/gcc/arm-none-eabi/7.3.1/../../../../arm-none-eabi/lib/thumb/v6-m\libc.a(lib_a-init.o)
 .text          0x00000000        0x0 c:/ac6/systemworkbench/plugins/fr.ac6.mcu.externaltools.arm-none.win32_1.17.0.201812190825/tools/compiler/bin/../lib/gcc/arm-none-eabi/7.3.1/../../../../arm-none-eabi/lib/thumb/v6-m\libc.a(lib_a-memset.o)
 .data          0x00000000        0x0 c:/ac6/systemworkbench/plugins/fr.ac6.mcu.externaltools.arm-none.win32_1.17.0.201812190825/tools/compiler/bin/../lib/gcc/arm-none-eabi/7.3.1/../../../../arm-none-eabi/lib/thumb/v6-m\libc.a(lib_a-memset.o)
 .bss           0x00000000        0x0 c:/ac6/systemworkbench/plugins/fr.ac6.mcu.externaltools.arm-none.win32_1.17.0.201812190825/tools/compiler/bin/../lib/gcc/arm-none-eabi/7.3.1/../../../../arm-none-eabi/lib/thumb/v6-m\libc.a(lib_a-memset.o)
 .text.memset   0x00000000       0x9c c:/ac6/systemworkbench/plugins/fr.ac6.mcu.externaltools.arm-none.win32_1.17.0.201812190825/tools/compiler/bin/../lib/gcc/arm-none-eabi/7.3.1/../../../../arm-none-eabi/lib/thumb/v6-m\libc.a(lib_a-memset.o)
 .debug_frame   0x00000000       0x30 c:/ac6/systemworkbench/plugins/fr.ac6.mcu.externaltools.arm-none.win32_1.17.0.201812190825/tools/compiler/bin/../lib/gcc/arm-none-eabi/7.3.1/../../../../arm-none-eabi/lib/thumb/v6-m\libc.a(lib_a-memset.o)
 .ARM.attributes
                0x00000000       0x2c c:/ac6/systemworkbench/plugins/fr.ac6.mcu.externaltools.arm-none.win32_1.17.0.201812190825/tools/compiler/bin/../lib/gcc/arm-none-eabi/7.3.1/../../../../arm-none-eabi/lib/thumb/v6-m\libc.a(lib_a-memset.o)
 .text          0x00000000        0x0 c:/ac6/systemworkbench/plugins/fr.ac6.mcu.externaltools.arm-none.win32_1.17.0.201812190825/tools/compiler/bin/../lib/gcc/arm-none-eabi/7.3.1/../../../../arm-none-eabi/lib/thumb/v6-m\libc.a(lib_a-__call_atexit.o)
 .data          0x00000000        0x0 c:/ac6/systemworkbench/plugins/fr.ac6.mcu.externaltools.arm-none.win32_1.17.0.201812190825/tools/compiler/bin/../lib/gcc/arm-none-eabi/7.3.1/../../../../arm-none-eabi/lib/thumb/v6-m\libc.a(lib_a-__call_atexit.o)
 .bss           0x00000000        0x0 c:/ac6/systemworkbench/plugins/fr.ac6.mcu.externaltools.arm-none.win32_1.17.0.201812190825/tools/compiler/bin/../lib/gcc/arm-none-eabi/7.3.1/../../../../arm-none-eabi/lib/thumb/v6-m\libc.a(lib_a-__call_atexit.o)
 .text.__call_exitprocs
                0x00000000      0x118 c:/ac6/systemworkbench/plugins/fr.ac6.mcu.externaltools.arm-none.win32_1.17.0.201812190825/tools/compiler/bin/../lib/gcc/arm-none-eabi/7.3.1/../../../../arm-none-eabi/lib/thumb/v6-m\libc.a(lib_a-__call_atexit.o)
 .text          0x00000000        0x0 c:/ac6/systemworkbench/plugins/fr.ac6.mcu.externaltools.arm-none.win32_1.17.0.201812190825/tools/compiler/bin/../lib/gcc/arm-none-eabi/7.3.1/../../../../arm-none-eabi/lib/thumb/v6-m\libc.a(lib_a-atexit.o)
 .data          0x00000000        0x0 c:/ac6/systemworkbench/plugins/fr.ac6.mcu.externaltools.arm-none.win32_1.17.0.201812190825/tools/compiler/bin/../lib/gcc/arm-none-eabi/7.3.1/../../../../arm-none-eabi/lib/thumb/v6-m\libc.a(lib_a-atexit.o)
 .bss           0x00000000        0x0 c:/ac6/systemworkbench/plugins/fr.ac6.mcu.externaltools.arm-none.win32_1.17.0.201812190825/tools/compiler/bin/../lib/gcc/arm-none-eabi/7.3.1/../../../../arm-none-eabi/lib/thumb/v6-m\libc.a(lib_a-atexit.o)
 .text          0x00000000        0x0 c:/ac6/systemworkbench/plugins/fr.ac6.mcu.externaltools.arm-none.win32_1.17.0.201812190825/tools/compiler/bin/../lib/gcc/arm-none-eabi/7.3.1/../../../../arm-none-eabi/lib/thumb/v6-m\libc.a(lib_a-fini.o)
 .data          0x00000000        0x0 c:/ac6/systemworkbench/plugins/fr.ac6.mcu.externaltools.arm-none.win32_1.17.0.201812190825/tools/compiler/bin/../lib/gcc/arm-none-eabi/7.3.1/../../../../arm-none-eabi/lib/thumb/v6-m\libc.a(lib_a-fini.o)
 .bss           0x00000000        0x0 c:/ac6/systemworkbench/plugins/fr.ac6.mcu.externaltools.arm-none.win32_1.17.0.201812190825/tools/compiler/bin/../lib/gcc/arm-none-eabi/7.3.1/../../../../arm-none-eabi/lib/thumb/v6-m\libc.a(lib_a-fini.o)
 .text          0x00000000        0x0 c:/ac6/systemworkbench/plugins/fr.ac6.mcu.externaltools.arm-none.win32_1.17.0.201812190825/tools/compiler/bin/../lib/gcc/arm-none-eabi/7.3.1/../../../../arm-none-eabi/lib/thumb/v6-m\libc.a(lib_a-lock.o)
 .data          0x00000000        0x0 c:/ac6/systemworkbench/plugins/fr.ac6.mcu.externaltools.arm-none.win32_1.17.0.201812190825/tools/compiler/bin/../lib/gcc/arm-none-eabi/7.3.1/../../../../arm-none-eabi/lib/thumb/v6-m\libc.a(lib_a-lock.o)
 .bss           0x00000000        0x0 c:/ac6/systemworkbench/plugins/fr.ac6.mcu.externaltools.arm-none.win32_1.17.0.201812190825/tools/compiler/bin/../lib/gcc/arm-none-eabi/7.3.1/../../../../arm-none-eabi/lib/thumb/v6-m\libc.a(lib_a-lock.o)
 .text.__retarget_lock_init
                0x00000000        0x4 c:/ac6/systemworkbench/plugins/fr.ac6.mcu.externaltools.arm-none.win32_1.17.0.201812190825/tools/compiler/bin/../lib/gcc/arm-none-eabi/7.3.1/../../../../arm-none-eabi/lib/thumb/v6-m\libc.a(lib_a-lock.o)
 .text.__retarget_lock_init_recursive
                0x00000000        0x4 c:/ac6/systemworkbench/plugins/fr.ac6.mcu.externaltools.arm-none.win32_1.17.0.201812190825/tools/compiler/bin/../lib/gcc/arm-none-eabi/7.3.1/../../../../arm-none-eabi/lib/thumb/v6-m\libc.a(lib_a-lock.o)
 .text.__retarget_lock_close
                0x00000000        0x4 c:/ac6/systemworkbench/plugins/fr.ac6.mcu.externaltools.arm-none.win32_1.17.0.201812190825/tools/compiler/bin/../lib/gcc/arm-none-eabi/7.3.1/../../../../arm-none-eabi/lib/thumb/v6-m\libc.a(lib_a-lock.o)
 .text.__retarget_lock_close_recursive
                0x00000000        0x4 c:/ac6/systemworkbench/plugins/fr.ac6.mcu.externaltools.arm-none.win32_1.17.0.201812190825/tools/compiler/bin/../lib/gcc/arm-none-eabi/7.3.1/../../../../arm-none-eabi/lib/thumb/v6-m\libc.a(lib_a-lock.o)
 .text.__retarget_lock_acquire
                0x00000000        0x4 c:/ac6/systemworkbench/plugins/fr.ac6.mcu.externaltools.arm-none.win32_1.17.0.201812190825/tools/compiler/bin/../lib/gcc/arm-none-eabi/7.3.1/../../../../arm-none-eabi/lib/thumb/v6-m\libc.a(lib_a-lock.o)
 .text.__retarget_lock_try_acquire
                0x00000000        0x4 c:/ac6/systemworkbench/plugins/fr.ac6.mcu.externaltools.arm-none.win32_1.17.0.201812190825/tools/compiler/bin/../lib/gcc/arm-none-eabi/7.3.1/../../../../arm-none-eabi/lib/thumb/v6-m\libc.a(lib_a-lock.o)
 .text.__retarget_lock_try_acquire_recursive
                0x00000000        0x4 c:/ac6/systemworkbench/plugins/fr.ac6.mcu.externaltools.arm-none.win32_1.17.0.201812190825/tools/compiler/bin/../lib/gcc/arm-none-eabi/7.3.1/../../../../arm-none-eabi/lib/thumb/v6-m\libc.a(lib_a-lock.o)
 .text.__retarget_lock_release
                0x00000000        0x4 c:/ac6/systemworkbench/plugins/fr.ac6.mcu.externaltools.arm-none.win32_1.17.0.201812190825/tools/compiler/bin/../lib/gcc/arm-none-eabi/7.3.1/../../../../arm-none-eabi/lib/thumb/v6-m\libc.a(lib_a-lock.o)
 .text          0x00000000        0x0 c:/ac6/systemworkbench/plugins/fr.ac6.mcu.externaltools.arm-none.win32_1.17.0.201812190825/tools/compiler/bin/../lib/gcc/arm-none-eabi/7.3.1/../../../../arm-none-eabi/lib/thumb/v6-m\libc.a(lib_a-__atexit.o)
 .data          0x00000000        0x0 c:/ac6/systemworkbench/plugins/fr.ac6.mcu.externaltools.arm-none.win32_1.17.0.201812190825/tools/compiler/bin/../lib/gcc/arm-none-eabi/7.3.1/../../../../arm-none-eabi/lib/thumb/v6-m\libc.a(lib_a-__atexit.o)
 .bss           0x00000000        0x0 c:/ac6/systemworkbench/plugins/fr.ac6.mcu.externaltools.arm-none.win32_1.17.0.201812190825/tools/compiler/bin/../lib/gcc/arm-none-eabi/7.3.1/../../../../arm-none-eabi/lib/thumb/v6-m\libc.a(lib_a-__atexit.o)
 .text          0x00000000        0x0 c:/ac6/systemworkbench/plugins/fr.ac6.mcu.externaltools.arm-none.win32_1.17.0.201812190825/tools/compiler/bin/../lib/gcc/arm-none-eabi/7.3.1/thumb/v6-m/crtend.o
 .data          0x00000000        0x0 c:/ac6/systemworkbench/plugins/fr.ac6.mcu.externaltools.arm-none.win32_1.17.0.201812190825/tools/compiler/bin/../lib/gcc/arm-none-eabi/7.3.1/thumb/v6-m/crtend.o
 .bss           0x00000000        0x0 c:/ac6/systemworkbench/plugins/fr.ac6.mcu.externaltools.arm-none.win32_1.17.0.201812190825/tools/compiler/bin/../lib/gcc/arm-none-eabi/7.3.1/thumb/v6-m/crtend.o
 .eh_frame      0x00000000        0x4 c:/ac6/systemworkbench/plugins/fr.ac6.mcu.externaltools.arm-none.win32_1.17.0.201812190825/tools/compiler/bin/../lib/gcc/arm-none-eabi/7.3.1/thumb/v6-m/crtend.o
 .ARM.attributes
                0x00000000       0x2c c:/ac6/systemworkbench/plugins/fr.ac6.mcu.externaltools.arm-none.win32_1.17.0.201812190825/tools/compiler/bin/../lib/gcc/arm-none-eabi/7.3.1/thumb/v6-m/crtend.o
 .text          0x00000000        0x0 c:/ac6/systemworkbench/plugins/fr.ac6.mcu.externaltools.arm-none.win32_1.17.0.201812190825/tools/compiler/bin/../lib/gcc/arm-none-eabi/7.3.1/thumb/v6-m/crtn.o
 .data          0x00000000        0x0 c:/ac6/systemworkbench/plugins/fr.ac6.mcu.externaltools.arm-none.win32_1.17.0.201812190825/tools/compiler/bin/../lib/gcc/arm-none-eabi/7.3.1/thumb/v6-m/crtn.o
 .bss           0x00000000        0x0 c:/ac6/systemworkbench/plugins/fr.ac6.mcu.externaltools.arm-none.win32_1.17.0.201812190825/tools/compiler/bin/../lib/gcc/arm-none-eabi/7.3.1/thumb/v6-m/crtn.o

Memory Configuration

Name             Origin             Length             Attributes
FLASH            0x08000000         0x00030000         xr
RAM              0x20000000         0x00005000         xrw
*default*        0x00000000         0xffffffff

Linker script and memory map

LOAD c:/ac6/systemworkbench/plugins/fr.ac6.mcu.externaltools.arm-none.win32_1.17.0.201812190825/tools/compiler/bin/../lib/gcc/arm-none-eabi/7.3.1/thumb/v6-m/crti.o
LOAD c:/ac6/systemworkbench/plugins/fr.ac6.mcu.externaltools.arm-none.win32_1.17.0.201812190825/tools/compiler/bin/../lib/gcc/arm-none-eabi/7.3.1/thumb/v6-m/crtbegin.o
LOAD c:/ac6/systemworkbench/plugins/fr.ac6.mcu.externaltools.arm-none.win32_1.17.0.201812190825/tools/compiler/bin/../lib/gcc/arm-none-eabi/7.3.1/../../../../arm-none-eabi/lib/thumb/v6-m/crt0.o
LOAD src/clock.o
LOAD src/i2c.o
LOAD src/lcd.o
LOAD src/main.o
LOAD src/systick.o
LOAD startup/startup_stm32l073xx.o
LOAD startup/system_stm32l0xx.o
LOAD C:\Users\braht\workspace\nucleo-l073rz_hal_lib\Debug\libnucleo-l073rz_hal_lib.a
LOAD c:/ac6/systemworkbench/plugins/fr.ac6.mcu.externaltools.arm-none.win32_1.17.0.201812190825/tools/compiler/bin/../lib/gcc/arm-none-eabi/7.3.1/../../../../arm-none-eabi/lib/thumb/v6-m\libstdc++.a
LOAD c:/ac6/systemworkbench/plugins/fr.ac6.mcu.externaltools.arm-none.win32_1.17.0.201812190825/tools/compiler/bin/../lib/gcc/arm-none-eabi/7.3.1/../../../../arm-none-eabi/lib/thumb/v6-m\libm.a
START GROUP
LOAD c:/ac6/systemworkbench/plugins/fr.ac6.mcu.externaltools.arm-none.win32_1.17.0.201812190825/tools/compiler/bin/../lib/gcc/arm-none-eabi/7.3.1/thumb/v6-m\libgcc.a
LOAD c:/ac6/systemworkbench/plugins/fr.ac6.mcu.externaltools.arm-none.win32_1.17.0.201812190825/tools/compiler/bin/../lib/gcc/arm-none-eabi/7.3.1/../../../../arm-none-eabi/lib/thumb/v6-m\libc.a
END GROUP
LOAD c:/ac6/systemworkbench/plugins/fr.ac6.mcu.externaltools.arm-none.win32_1.17.0.201812190825/tools/compiler/bin/../lib/gcc/arm-none-eabi/7.3.1/thumb/v6-m/crtend.o
LOAD c:/ac6/systemworkbench/plugins/fr.ac6.mcu.externaltools.arm-none.win32_1.17.0.201812190825/tools/compiler/bin/../lib/gcc/arm-none-eabi/7.3.1/thumb/v6-m/crtn.o
                0x20005000                _estack = 0x20005000
                0x00000200                _Min_Heap_Size = 0x200
                0x00000400                _Min_Stack_Size = 0x400

.isr_vector     0x08000000       0xc0
                0x08000000                . = ALIGN (0x4)
 *(.isr_vector)
 .isr_vector    0x08000000       0xc0 startup/startup_stm32l073xx.o
                0x08000000                g_pfnVectors
                0x080000c0                . = ALIGN (0x4)

.text           0x080000c0      0x858
                0x080000c0                . = ALIGN (0x4)
 *(.text)
 .text          0x080000c0       0x48 c:/ac6/systemworkbench/plugins/fr.ac6.mcu.externaltools.arm-none.win32_1.17.0.201812190825/tools/compiler/bin/../lib/gcc/arm-none-eabi/7.3.1/thumb/v6-m/crtbegin.o
 .text          0x08000108      0x114 c:/ac6/systemworkbench/plugins/fr.ac6.mcu.externaltools.arm-none.win32_1.17.0.201812190825/tools/compiler/bin/../lib/gcc/arm-none-eabi/7.3.1/thumb/v6-m\libgcc.a(_udivsi3.o)
                0x08000108                __aeabi_uidiv
                0x08000108                __udivsi3
                0x08000214                __aeabi_uidivmod
 .text          0x0800021c        0x4 c:/ac6/systemworkbench/plugins/fr.ac6.mcu.externaltools.arm-none.win32_1.17.0.201812190825/tools/compiler/bin/../lib/gcc/arm-none-eabi/7.3.1/thumb/v6-m\libgcc.a(_dvmd_tls.o)
                0x0800021c                __aeabi_idiv0
                0x0800021c                __aeabi_ldiv0
 *(.text*)
 .text.clock_setup_16MHz
                0x08000220       0x68 src/clock.o
                0x08000220                clock_setup_16MHz
 .text.i2c_setup
                0x08000288       0x78 src/i2c.o
                0x08000288                i2c_setup
 .text.i2c_transfer
                0x08000300      0x130 src/i2c.o
                0x08000300                i2c_transfer
 .text.lcd_write
                0x08000430       0x24 src/lcd.o
 .text.lcd_instruction
                0x08000454        0xa src/lcd.o
 .text.lcd_write_data
                0x0800045e        0xa src/lcd.o
 .text.lcd_init
                0x08000468       0x2e src/lcd.o
                0x08000468                lcd_init
 *fill*         0x08000496        0x2 
 .text.lcd_clear_display
                0x08000498       0x1c src/lcd.o
                0x08000498                lcd_clear_display
 .text.lcd_print_char
                0x080004b4       0x48 src/lcd.o
                0x080004b4                lcd_print_char
 .text.lcd_print_string
                0x080004fc       0x18 src/lcd.o
                0x080004fc                lcd_print_string
 .text.main     0x08000514       0x20 src/main.o
                0x08000514                main
 .text.us_count
                0x08000534       0x28 src/systick.o
 .text.SysTick_Handler
                0x0800055c       0x10 src/systick.o
                0x0800055c                SysTick_Handler
 .text.systick_setup
                0x0800056c       0x2c src/systick.o
                0x0800056c                systick_setup
 .text.delay_ms
                0x08000598       0x14 src/systick.o
                0x08000598                delay_ms
 .text.delay_us
                0x080005ac       0x16 src/systick.o
                0x080005ac                delay_us
 *fill*         0x080005c2        0x2 
 .text.Reset_Handler
                0x080005c4       0x50 startup/startup_stm32l073xx.o
                0x080005c4                Reset_Handler
 .text.Default_Handler
                0x08000614        0x2 startup/startup_stm32l073xx.o
                0x08000614                TSC_IRQHandler
                0x08000614                HardFault_Handler
                0x08000614                ADC1_COMP_IRQHandler
                0x08000614                PVD_IRQHandler
                0x08000614                PendSV_Handler
                0x08000614                NMI_Handler
                0x08000614                I2C1_IRQHandler
                0x08000614                RCC_CRS_IRQHandler
                0x08000614                SPI1_IRQHandler
                0x08000614                TIM6_DAC_IRQHandler
                0x08000614                EXTI2_3_IRQHandler
                0x08000614                I2C2_IRQHandler
                0x08000614                RTC_IRQHandler
                0x08000614                LCD_IRQHandler
                0x08000614                DMA1_Channel4_5_6_7_IRQHandler
                0x08000614                TIM3_IRQHandler
                0x08000614                EXTI4_15_IRQHandler
                0x08000614                DMA1_Channel1_IRQHandler
                0x08000614                USART4_5_IRQHandler
                0x08000614                Default_Handler
                0x08000614                TIM22_IRQHandler
                0x08000614                TIM7_IRQHandler
                0x08000614                EXTI0_1_IRQHandler
                0x08000614                USB_IRQHandler
                0x08000614                I2C3_IRQHandler
                0x08000614                SPI2_IRQHandler
                0x08000614                SVC_Handler
                0x08000614                TIM21_IRQHandler
                0x08000614                WWDG_IRQHandler
                0x08000614                TIM2_IRQHandler
                0x08000614                DMA1_Channel2_3_IRQHandler
                0x08000614                USART2_IRQHandler
                0x08000614                FLASH_IRQHandler
                0x08000614                USART1_IRQHandler
                0x08000614                RNG_LPUART1_IRQHandler
                0x08000614                LPTIM1_IRQHandler
 *fill*         0x08000616        0x2 
 .text.SystemInit
                0x08000618       0x5c startup/system_stm32l0xx.o
                0x08000618                SystemInit
 .text.SystemCoreClockUpdate
                0x08000674       0xec startup/system_stm32l0xx.o
                0x08000674                SystemCoreClockUpdate
 .text.__libc_init_array
                0x08000760       0x48 c:/ac6/systemworkbench/plugins/fr.ac6.mcu.externaltools.arm-none.win32_1.17.0.201812190825/tools/compiler/bin/../lib/gcc/arm-none-eabi/7.3.1/../../../../arm-none-eabi/lib/thumb/v6-m\libc.a(lib_a-init.o)
                0x08000760                __libc_init_array
 .text.startup.register_fini
                0x080007a8       0x18 c:/ac6/systemworkbench/plugins/fr.ac6.mcu.externaltools.arm-none.win32_1.17.0.201812190825/tools/compiler/bin/../lib/gcc/arm-none-eabi/7.3.1/../../../../arm-none-eabi/lib/thumb/v6-m\libc.a(lib_a-__call_atexit.o)
 .text.atexit   0x080007c0       0x10 c:/ac6/systemworkbench/plugins/fr.ac6.mcu.externaltools.arm-none.win32_1.17.0.201812190825/tools/compiler/bin/../lib/gcc/arm-none-eabi/7.3.1/../../../../arm-none-eabi/lib/thumb/v6-m\libc.a(lib_a-atexit.o)
                0x080007c0                atexit
 .text.__libc_fini_array
                0x080007d0       0x34 c:/ac6/systemworkbench/plugins/fr.ac6.mcu.externaltools.arm-none.win32_1.17.0.201812190825/tools/compiler/bin/../lib/gcc/arm-none-eabi/7.3.1/../../../../arm-none-eabi/lib/thumb/v6-m\libc.a(lib_a-fini.o)
                0x080007d0                __libc_fini_array
 .text.__retarget_lock_acquire_recursive
                0x08000804        0x4 c:/ac6/systemworkbench/plugins/fr.ac6.mcu.externaltools.arm-none.win32_1.17.0.201812190825/tools/compiler/bin/../lib/gcc/arm-none-eabi/7.3.1/../../../../arm-none-eabi/lib/thumb/v6-m\libc.a(lib_a-lock.o)
                0x08000804                __retarget_lock_acquire_recursive
 .text.__retarget_lock_release_recursive
                0x08000808        0x4 c:/ac6/systemworkbench/plugins/fr.ac6.mcu.externaltools.arm-none.win32_1.17.0.201812190825/tools/compiler/bin/../lib/gcc/arm-none-eabi/7.3.1/../../../../arm-none-eabi/lib/thumb/v6-m\libc.a(lib_a-lock.o)
                0x08000808                __retarget_lock_release_recursive
 .text.__register_exitproc
                0x0800080c       0xf4 c:/ac6/systemworkbench/plugins/fr.ac6.mcu.externaltools.arm-none.win32_1.17.0.201812190825/tools/compiler/bin/../lib/gcc/arm-none-eabi/7.3.1/../../../../arm-none-eabi/lib/thumb/v6-m\libc.a(lib_a-__atexit.o)
                0x0800080c                __register_exitproc
 *(.glue_7)
 .glue_7        0x08000900        0x0 linker stubs
 *(.glue_7t)
 .glue_7t       0x08000900        0x0 linker stubs
 *(.eh_frame)
 .eh_frame      0x08000900        0x0 c:/ac6/systemworkbench/plugins/fr.ac6.mcu.externaltools.arm-none.win32_1.17.0.201812190825/tools/compiler/bin/../lib/gcc/arm-none-eabi/7.3.1/thumb/v6-m/crtbegin.o
 *(.init)
 .init          0x08000900        0x4 c:/ac6/systemworkbench/plugins/fr.ac6.mcu.externaltools.arm-none.win32_1.17.0.201812190825/tools/compiler/bin/../lib/gcc/arm-none-eabi/7.3.1/thumb/v6-m/crti.o
                0x08000900                _init
 .init          0x08000904        0x8 c:/ac6/systemworkbench/plugins/fr.ac6.mcu.externaltools.arm-none.win32_1.17.0.201812190825/tools/compiler/bin/../lib/gcc/arm-none-eabi/7.3.1/thumb/v6-m/crtn.o
 *(.fini)
 .fini          0x0800090c        0x4 c:/ac6/systemworkbench/plugins/fr.ac6.mcu.externaltools.arm-none.win32_1.17.0.201812190825/tools/compiler/bin/../lib/gcc/arm-none-eabi/7.3.1/thumb/v6-m/crti.o
                0x0800090c                _fini
 .fini          0x08000910        0x8 c:/ac6/systemworkbench/plugins/fr.ac6.mcu.externaltools.arm-none.win32_1.17.0.201812190825/tools/compiler/bin/../lib/gcc/arm-none-eabi/7.3.1/thumb/v6-m/crtn.o
                0x08000918                . = ALIGN (0x4)
                0x08000918                _etext = .

.vfp11_veneer   0x08000918        0x0
 .vfp11_veneer  0x08000918        0x0 linker stubs

.v4_bx          0x08000918        0x0
 .v4_bx         0x08000918        0x0 linker stubs

.iplt           0x08000918        0x0
 .iplt          0x08000918        0x0 c:/ac6/systemworkbench/plugins/fr.ac6.mcu.externaltools.arm-none.win32_1.17.0.201812190825/tools/compiler/bin/../lib/gcc/arm-none-eabi/7.3.1/thumb/v6-m/crtbegin.o

.rodata         0x08000918       0x4c
                0x08000918                . = ALIGN (0x4)
 *(.rodata)
 .rodata        0x08000918       0x24 startup/system_stm32l0xx.o
                0x08000918                PLLMulTable
                0x08000924                AHBPrescTable
                0x08000934                APBPrescTable
 *(.rodata*)
 .rodata.str1.4
                0x0800093c       0x24 src/main.o
                                 0x21 (size before relaxing)
 .rodata._global_impure_ptr
                0x08000960        0x4 c:/ac6/systemworkbench/plugins/fr.ac6.mcu.externaltools.arm-none.win32_1.17.0.201812190825/tools/compiler/bin/../lib/gcc/arm-none-eabi/7.3.1/../../../../arm-none-eabi/lib/thumb/v6-m\libc.a(lib_a-impure.o)
                0x08000960                _global_impure_ptr
                0x08000964                . = ALIGN (0x4)

.rel.dyn        0x08000964        0x0
 .rel.iplt      0x08000964        0x0 c:/ac6/systemworkbench/plugins/fr.ac6.mcu.externaltools.arm-none.win32_1.17.0.201812190825/tools/compiler/bin/../lib/gcc/arm-none-eabi/7.3.1/thumb/v6-m/crtbegin.o

.ARM.extab
 *(.ARM.extab* .gnu.linkonce.armextab.*)

.ARM            0x08000964        0x0
                0x08000964                __exidx_start = .
 *(.ARM.exidx*)
                0x08000964                __exidx_end = .

.preinit_array  0x08000964        0x0
                0x08000964                PROVIDE (__preinit_array_start = .)
 *(.preinit_array*)
                0x08000964                PROVIDE (__preinit_array_end = .)

.init_array     0x08000964        0x8
                0x08000964                PROVIDE (__init_array_start = .)
 *(SORT_BY_NAME(.init_array.*))
 .init_array.00000
                0x08000964        0x4 c:/ac6/systemworkbench/plugins/fr.ac6.mcu.externaltools.arm-none.win32_1.17.0.201812190825/tools/compiler/bin/../lib/gcc/arm-none-eabi/7.3.1/../../../../arm-none-eabi/lib/thumb/v6-m\libc.a(lib_a-__call_atexit.o)
 *(.init_array*)
 .init_array    0x08000968        0x4 c:/ac6/systemworkbench/plugins/fr.ac6.mcu.externaltools.arm-none.win32_1.17.0.201812190825/tools/compiler/bin/../lib/gcc/arm-none-eabi/7.3.1/thumb/v6-m/crtbegin.o
                0x0800096c                PROVIDE (__init_array_end = .)

.fini_array     0x0800096c        0x4
                0x0800096c                PROVIDE (__fini_array_start = .)
 *(SORT_BY_NAME(.fini_array.*))
 *(.fini_array*)
 .fini_array    0x0800096c        0x4 c:/ac6/systemworkbench/plugins/fr.ac6.mcu.externaltools.arm-none.win32_1.17.0.201812190825/tools/compiler/bin/../lib/gcc/arm-none-eabi/7.3.1/thumb/v6-m/crtbegin.o
                0x08000970                PROVIDE (__fini_array_end = .)
                0x08000970                _sidata = LOADADDR (.data)

.data           0x20000000      0x434 load address 0x08000970
                0x20000000                . = ALIGN (0x4)
                0x20000000                _sdata = .
 *(.data)
 .data          0x20000000        0x4 startup/system_stm32l0xx.o
                0x20000000                SystemCoreClock
 *(.data*)
 *fill*         0x20000004        0x4 
 .data.impure_data
                0x20000008      0x428 c:/ac6/systemworkbench/plugins/fr.ac6.mcu.externaltools.arm-none.win32_1.17.0.201812190825/tools/compiler/bin/../lib/gcc/arm-none-eabi/7.3.1/../../../../arm-none-eabi/lib/thumb/v6-m\libc.a(lib_a-impure.o)
 .data.__atexit_recursive_mutex
                0x20000430        0x4 c:/ac6/systemworkbench/plugins/fr.ac6.mcu.externaltools.arm-none.win32_1.17.0.201812190825/tools/compiler/bin/../lib/gcc/arm-none-eabi/7.3.1/../../../../arm-none-eabi/lib/thumb/v6-m\libc.a(lib_a-__call_atexit.o)
                0x20000430                __atexit_recursive_mutex
                0x20000434                . = ALIGN (0x4)
                0x20000434                _edata = .

.igot.plt       0x20000434        0x0 load address 0x08000da4
 .igot.plt      0x20000434        0x0 c:/ac6/systemworkbench/plugins/fr.ac6.mcu.externaltools.arm-none.win32_1.17.0.201812190825/tools/compiler/bin/../lib/gcc/arm-none-eabi/7.3.1/thumb/v6-m/crtbegin.o
                0x20000434                . = ALIGN (0x4)

.bss            0x20000434       0x48 load address 0x08000da4
                0x20000434                _sbss = .
                0x20000434                __bss_start__ = _sbss
 *(.bss)
 .bss           0x20000434       0x1c c:/ac6/systemworkbench/plugins/fr.ac6.mcu.externaltools.arm-none.win32_1.17.0.201812190825/tools/compiler/bin/../lib/gcc/arm-none-eabi/7.3.1/thumb/v6-m/crtbegin.o
 .bss           0x20000450        0x1 src/lcd.o
 *fill*         0x20000451        0x3 
 .bss           0x20000454        0x4 src/systick.o
 *(.bss*)
 *(COMMON)
 COMMON         0x20000458       0x21 c:/ac6/systemworkbench/plugins/fr.ac6.mcu.externaltools.arm-none.win32_1.17.0.201812190825/tools/compiler/bin/../lib/gcc/arm-none-eabi/7.3.1/../../../../arm-none-eabi/lib/thumb/v6-m\libc.a(lib_a-lock.o)
                0x20000458                __lock___atexit_recursive_mutex
                0x2000045c                __lock___arc4random_mutex
                0x20000460                __lock___env_recursive_mutex
                0x20000464                __lock___sinit_recursive_mutex
                0x20000468                __lock___malloc_recursive_mutex
                0x2000046c                __lock___at_quick_exit_mutex
                0x20000470                __lock___dd_hash_mutex
                0x20000474                __lock___tz_mutex
                0x20000478                __lock___sfp_recursive_mutex
                0x2000047c                . = ALIGN (0x4)
 *fill*         0x20000479        0x3 
                0x2000047c                _ebss = .
                0x2000047c                __bss_end__ = _ebss

._user_heap_stack
                0x2000047c      0x604 load address 0x08000da4
                0x20000480                . = ALIGN (0x8)
 *fill*         0x2000047c        0x4 
                [!provide]                PROVIDE (end = .)
                [!provide]                PROVIDE (_end = .)
                0x20000680                . = (. + _Min_Heap_Size)
 *fill*         0x20000480      0x200 
                0x20000a80                . = (. + _Min_Stack_Size)
 *fill*         0x20000680      0x400 
                0x20000a80                . = ALIGN (0x8)

/DISCARD/
 libc.a(*)
 libm.a(*)
 libgcc.a(*)

.ARM.attributes
                0x00000000       0x28
 *(.ARM.attributes)
 .ARM.attributes
                0x00000000       0x1e c:/ac6/systemworkbench/plugins/fr.ac6.mcu.externaltools.arm-none.win32_1.17.0.201812190825/tools/compiler/bin/../lib/gcc/arm-none-eabi/7.3.1/thumb/v6-m/crti.o
 .ARM.attributes
                0x0000001e       0x2c c:/ac6/systemworkbench/plugins/fr.ac6.mcu.externaltools.arm-none.win32_1.17.0.201812190825/tools/compiler/bin/../lib/gcc/arm-none-eabi/7.3.1/thumb/v6-m/crtbegin.o
 .ARM.attributes
                0x0000004a       0x32 src/clock.o
 .ARM.attributes
                0x0000007c       0x32 src/i2c.o
 .ARM.attributes
                0x000000ae       0x32 src/lcd.o
 .ARM.attributes
                0x000000e0       0x32 src/main.o
 .ARM.attributes
                0x00000112       0x32 src/systick.o
 .ARM.attributes
                0x00000144       0x22 startup/startup_stm32l073xx.o
 .ARM.attributes
                0x00000166       0x32 startup/system_stm32l0xx.o
 .ARM.attributes
                0x00000198       0x1e c:/ac6/systemworkbench/plugins/fr.ac6.mcu.externaltools.arm-none.win32_1.17.0.201812190825/tools/compiler/bin/../lib/gcc/arm-none-eabi/7.3.1/thumb/v6-m\libgcc.a(_udivsi3.o)
 .ARM.attributes
                0x000001b6       0x1e c:/ac6/systemworkbench/plugins/fr.ac6.mcu.externaltools.arm-none.win32_1.17.0.201812190825/tools/compiler/bin/../lib/gcc/arm-none-eabi/7.3.1/thumb/v6-m\libgcc.a(_dvmd_tls.o)
 .ARM.attributes
                0x000001d4       0x2c c:/ac6/systemworkbench/plugins/fr.ac6.mcu.externaltools.arm-none.win32_1.17.0.201812190825/tools/compiler/bin/../lib/gcc/arm-none-eabi/7.3.1/../../../../arm-none-eabi/lib/thumb/v6-m\libc.a(lib_a-impure.o)
 .ARM.attributes
                0x00000200       0x2c c:/ac6/systemworkbench/plugins/fr.ac6.mcu.externaltools.arm-none.win32_1.17.0.201812190825/tools/compiler/bin/../lib/gcc/arm-none-eabi/7.3.1/../../../../arm-none-eabi/lib/thumb/v6-m\libc.a(lib_a-init.o)
 .ARM.attributes
                0x0000022c       0x2c c:/ac6/systemworkbench/plugins/fr.ac6.mcu.externaltools.arm-none.win32_1.17.0.201812190825/tools/compiler/bin/../lib/gcc/arm-none-eabi/7.3.1/../../../../arm-none-eabi/lib/thumb/v6-m\libc.a(lib_a-__call_atexit.o)
 .ARM.attributes
                0x00000258       0x2c c:/ac6/systemworkbench/plugins/fr.ac6.mcu.externaltools.arm-none.win32_1.17.0.201812190825/tools/compiler/bin/../lib/gcc/arm-none-eabi/7.3.1/../../../../arm-none-eabi/lib/thumb/v6-m\libc.a(lib_a-atexit.o)
 .ARM.attributes
                0x00000284       0x2c c:/ac6/systemworkbench/plugins/fr.ac6.mcu.externaltools.arm-none.win32_1.17.0.201812190825/tools/compiler/bin/../lib/gcc/arm-none-eabi/7.3.1/../../../../arm-none-eabi/lib/thumb/v6-m\libc.a(lib_a-fini.o)
 .ARM.attributes
                0x000002b0       0x2c c:/ac6/systemworkbench/plugins/fr.ac6.mcu.externaltools.arm-none.win32_1.17.0.201812190825/tools/compiler/bin/../lib/gcc/arm-none-eabi/7.3.1/../../../../arm-none-eabi/lib/thumb/v6-m\libc.a(lib_a-lock.o)
 .ARM.attributes
                0x000002dc       0x2c c:/ac6/systemworkbench/plugins/fr.ac6.mcu.externaltools.arm-none.win32_1.17.0.201812190825/tools/compiler/bin/../lib/gcc/arm-none-eabi/7.3.1/../../../../arm-none-eabi/lib/thumb/v6-m\libc.a(lib_a-__atexit.o)
 .ARM.attributes
                0x00000308       0x1e c:/ac6/systemworkbench/plugins/fr.ac6.mcu.externaltools.arm-none.win32_1.17.0.201812190825/tools/compiler/bin/../lib/gcc/arm-none-eabi/7.3.1/thumb/v6-m/crtn.o
OUTPUT(es2020.elf elf32-littlearm)

.debug_info     0x00000000     0x15ae
 .debug_info    0x00000000      0x349 src/clock.o
 .debug_info    0x00000349      0x449 src/i2c.o
 .debug_info    0x00000792      0x387 src/lcd.o
 .debug_info    0x00000b19      0x194 src/main.o
 .debug_info    0x00000cad      0x551 src/systick.o
 .debug_info    0x000011fe       0x22 startup/startup_stm32l073xx.o
 .debug_info    0x00001220      0x38e startup/system_stm32l0xx.o

.debug_abbrev   0x00000000      0x6cb
 .debug_abbrev  0x00000000       0xd9 src/clock.o
 .debug_abbrev  0x000000d9      0x127 src/i2c.o
 .debug_abbrev  0x00000200      0x10a src/lcd.o
 .debug_abbrev  0x0000030a       0xb3 src/main.o
 .debug_abbrev  0x000003bd      0x1eb src/systick.o
 .debug_abbrev  0x000005a8       0x12 startup/startup_stm32l073xx.o
 .debug_abbrev  0x000005ba      0x111 startup/system_stm32l0xx.o

.debug_aranges  0x00000000      0x158
 .debug_aranges
                0x00000000       0x20 src/clock.o
 .debug_aranges
                0x00000020       0x28 src/i2c.o
 .debug_aranges
                0x00000048       0x60 src/lcd.o
 .debug_aranges
                0x000000a8       0x20 src/main.o
 .debug_aranges
                0x000000c8       0x40 src/systick.o
 .debug_aranges
                0x00000108       0x28 startup/startup_stm32l073xx.o
 .debug_aranges
                0x00000130       0x28 startup/system_stm32l0xx.o

.debug_ranges   0x00000000       0xf0
 .debug_ranges  0x00000000       0x10 src/clock.o
 .debug_ranges  0x00000010       0x18 src/i2c.o
 .debug_ranges  0x00000028       0x50 src/lcd.o
 .debug_ranges  0x00000078       0x10 src/main.o
 .debug_ranges  0x00000088       0x30 src/systick.o
 .debug_ranges  0x000000b8       0x20 startup/startup_stm32l073xx.o
 .debug_ranges  0x000000d8       0x18 startup/system_stm32l0xx.o

.debug_macro    0x00000000    0x163fc
 .debug_macro   0x00000000       0xb8 src/clock.o
 .debug_macro   0x000000b8      0xa5a src/clock.o
 .debug_macro   0x00000b12       0x28 src/clock.o
 .debug_macro   0x00000b3a       0x22 src/clock.o
 .debug_macro   0x00000b5c       0x56 src/clock.o
 .debug_macro   0x00000bb2       0x51 src/clock.o
 .debug_macro   0x00000c03       0xef src/clock.o
 .debug_macro   0x00000cf2       0x6a src/clock.o
 .debug_macro   0x00000d5c      0x1df src/clock.o
 .debug_macro   0x00000f3b       0x34 src/clock.o
 .debug_macro   0x00000f6f       0x26 src/clock.o
 .debug_macro   0x00000f95      0x44f src/clock.o
 .debug_macro   0x000013e4     0xa43e src/clock.o
 .debug_macro   0x0000b822      0x2f8 src/i2c.o
 .debug_macro   0x0000bb1a       0x22 src/i2c.o
 .debug_macro   0x0000bb3c       0x28 src/i2c.o
 .debug_macro   0x0000bb64       0x3a src/i2c.o
 .debug_macro   0x0000bb9e       0x3c src/i2c.o
 .debug_macro   0x0000bbda      0x11b src/i2c.o
 .debug_macro   0x0000bcf5     0x352c src/i2c.o
 .debug_macro   0x0000f221      0x16d src/i2c.o
 .debug_macro   0x0000f38e       0x5b src/i2c.o
 .debug_macro   0x0000f3e9      0x8e4 src/i2c.o
 .debug_macro   0x0000fccd      0xbb4 src/i2c.o
 .debug_macro   0x00010881      0x13f src/i2c.o
 .debug_macro   0x000109c0      0x1d1 src/i2c.o
 .debug_macro   0x00010b91      0x28e src/i2c.o
 .debug_macro   0x00010e1f      0x1e9 src/i2c.o
 .debug_macro   0x00011008      0x4ef src/i2c.o
 .debug_macro   0x000114f7       0x6b src/i2c.o
 .debug_macro   0x00011562      0x24e src/i2c.o
 .debug_macro   0x000117b0       0xd5 src/i2c.o
 .debug_macro   0x00011885       0x4c src/i2c.o
 .debug_macro   0x000118d1      0x122 src/i2c.o
 .debug_macro   0x000119f3       0xa0 src/i2c.o
 .debug_macro   0x00011a93      0x13e src/i2c.o
 .debug_macro   0x00011bd1      0x4b5 src/i2c.o
 .debug_macro   0x00012086      0x22c src/i2c.o
 .debug_macro   0x000122b2       0x5b src/i2c.o
 .debug_macro   0x0001230d       0xa5 src/i2c.o
 .debug_macro   0x000123b2      0x1a0 src/i2c.o
 .debug_macro   0x00012552       0x85 src/i2c.o
 .debug_macro   0x000125d7      0x3f4 src/i2c.o
 .debug_macro   0x000129cb      0x25c src/i2c.o
 .debug_macro   0x00012c27      0x18d src/i2c.o
 .debug_macro   0x00012db4       0x16 src/i2c.o
 .debug_macro   0x00012dca       0x8f src/i2c.o
 .debug_macro   0x00012e59      0x30c src/i2c.o
 .debug_macro   0x00013165      0x418 src/i2c.o
 .debug_macro   0x0001357d       0xdd src/i2c.o
 .debug_macro   0x0001365a      0x22c src/i2c.o
 .debug_macro   0x00013886      0x734 src/i2c.o
 .debug_macro   0x00013fba       0xfc src/i2c.o
 .debug_macro   0x000140b6      0x3d0 src/i2c.o
 .debug_macro   0x00014486      0x57b src/i2c.o
 .debug_macro   0x00014a01       0x44 src/i2c.o
 .debug_macro   0x00014a45      0x279 src/i2c.o
 .debug_macro   0x00014cbe       0x30 src/i2c.o
 .debug_macro   0x00014cee      0x2b8 src/i2c.o
 .debug_macro   0x00014fa6       0x30 src/i2c.o
 .debug_macro   0x00014fd6      0x2bf src/i2c.o
 .debug_macro   0x00015295      0x11d src/i2c.o
 .debug_macro   0x000153b2      0x353 src/i2c.o
 .debug_macro   0x00015705       0x8d src/i2c.o
 .debug_macro   0x00015792       0x57 src/i2c.o
 .debug_macro   0x000157e9      0x25e src/i2c.o
 .debug_macro   0x00015a47      0x199 src/i2c.o
 .debug_macro   0x00015be0      0x161 src/lcd.o
 .debug_macro   0x00015d41       0xd9 src/main.o
 .debug_macro   0x00015e1a      0x2f5 src/systick.o
 .debug_macro   0x0001610f      0x2ed startup/system_stm32l0xx.o

.debug_line     0x00000000     0x2954
 .debug_line    0x00000000      0x3e4 src/clock.o
 .debug_line    0x000003e4      0x9da src/i2c.o
 .debug_line    0x00000dbe      0x3f0 src/lcd.o
 .debug_line    0x000011ae      0x403 src/main.o
 .debug_line    0x000015b1      0x9be src/systick.o
 .debug_line    0x00001f6f       0x83 startup/startup_stm32l073xx.o
 .debug_line    0x00001ff2      0x962 startup/system_stm32l0xx.o

.debug_str      0x00000000    0x9ef28
 .debug_str     0x00000000    0x3e77b src/clock.o
                              0x3e959 (size before relaxing)
 .debug_str     0x0003e77b    0x600d1 src/i2c.o
                              0x9ea99 (size before relaxing)
 .debug_str     0x0009e84c      0x39a src/lcd.o
                               0x41d2 (size before relaxing)
 .debug_str     0x0009ebe6       0x21 src/main.o
                              0x3e8ec (size before relaxing)
 .debug_str     0x0009ec07      0x292 src/systick.o
                              0x9ec08 (size before relaxing)
 .debug_str     0x0009ee99       0x2f startup/startup_stm32l073xx.o
                                 0x55 (size before relaxing)
 .debug_str     0x0009eec8       0x60 startup/system_stm32l0xx.o
                              0x9ea0d (size before relaxing)

.comment        0x00000000       0x7f
 .comment       0x00000000       0x7f src/clock.o
                                 0x80 (size before relaxing)
 .comment       0x0000007f       0x80 src/i2c.o
 .comment       0x0000007f       0x80 src/lcd.o
 .comment       0x0000007f       0x80 src/main.o
 .comment       0x0000007f       0x80 src/systick.o
 .comment       0x0000007f       0x80 startup/system_stm32l0xx.o

.debug_frame    0x00000000      0x408
 .debug_frame   0x00000000       0x28 src/clock.o
 .debug_frame   0x00000028       0x4c src/i2c.o
 .debug_frame   0x00000074       0xe8 src/lcd.o
 .debug_frame   0x0000015c       0x28 src/main.o
 .debug_frame   0x00000184       0x6c src/systick.o
 .debug_frame   0x000001f0       0x38 startup/system_stm32l0xx.o
 .debug_frame   0x00000228       0x20 c:/ac6/systemworkbench/plugins/fr.ac6.mcu.externaltools.arm-none.win32_1.17.0.201812190825/tools/compiler/bin/../lib/gcc/arm-none-eabi/7.3.1/thumb/v6-m\libgcc.a(_udivsi3.o)
 .debug_frame   0x00000248       0x2c c:/ac6/systemworkbench/plugins/fr.ac6.mcu.externaltools.arm-none.win32_1.17.0.201812190825/tools/compiler/bin/../lib/gcc/arm-none-eabi/7.3.1/../../../../arm-none-eabi/lib/thumb/v6-m\libc.a(lib_a-init.o)
 .debug_frame   0x00000274       0x54 c:/ac6/systemworkbench/plugins/fr.ac6.mcu.externaltools.arm-none.win32_1.17.0.201812190825/tools/compiler/bin/../lib/gcc/arm-none-eabi/7.3.1/../../../../arm-none-eabi/lib/thumb/v6-m\libc.a(lib_a-__call_atexit.o)
 .debug_frame   0x000002c8       0x28 c:/ac6/systemworkbench/plugins/fr.ac6.mcu.externaltools.arm-none.win32_1.17.0.201812190825/tools/compiler/bin/../lib/gcc/arm-none-eabi/7.3.1/../../../../arm-none-eabi/lib/thumb/v6-m\libc.a(lib_a-atexit.o)
 .debug_frame   0x000002f0       0x2c c:/ac6/systemworkbench/plugins/fr.ac6.mcu.externaltools.arm-none.win32_1.17.0.201812190825/tools/compiler/bin/../lib/gcc/arm-none-eabi/7.3.1/../../../../arm-none-eabi/lib/thumb/v6-m\libc.a(lib_a-fini.o)
 .debug_frame   0x0000031c       0xb0 c:/ac6/systemworkbench/plugins/fr.ac6.mcu.externaltools.arm-none.win32_1.17.0.201812190825/tools/compiler/bin/../lib/gcc/arm-none-eabi/7.3.1/../../../../arm-none-eabi/lib/thumb/v6-m\libc.a(lib_a-lock.o)
 .debug_frame   0x000003cc       0x3c c:/ac6/systemworkbench/plugins/fr.ac6.mcu.externaltools.arm-none.win32_1.17.0.201812190825/tools/compiler/bin/../lib/gcc/arm-none-eabi/7.3.1/../../../../arm-none-eabi/lib/thumb/v6-m\libc.a(lib_a-__atexit.o)

.debug_loc      0x00000000      0x53f
 .debug_loc     0x00000000      0x18a src/i2c.o
 .debug_loc     0x0000018a      0x174 src/lcd.o
 .debug_loc     0x000002fe       0x9f src/systick.o
 .debug_loc     0x0000039d      0x1a2 startup/system_stm32l0xx.o
