Archive member included to satisfy reference by file (symbol)

/home/felix/Workbench/1/plugins/fr.ac6.mcu.externaltools.arm-none.linux64_1.17.0.201812190825/tools/compiler/bin/../lib/gcc/arm-none-eabi/7.3.1/thumb/v6-m/libgcc.a(_udivsi3.o)
                              startup/system_stm32l0xx.o (__aeabi_uidiv)
/home/felix/Workbench/1/plugins/fr.ac6.mcu.externaltools.arm-none.linux64_1.17.0.201812190825/tools/compiler/bin/../lib/gcc/arm-none-eabi/7.3.1/thumb/v6-m/libgcc.a(_dvmd_tls.o)
                              /home/felix/Workbench/1/plugins/fr.ac6.mcu.externaltools.arm-none.linux64_1.17.0.201812190825/tools/compiler/bin/../lib/gcc/arm-none-eabi/7.3.1/thumb/v6-m/libgcc.a(_udivsi3.o) (__aeabi_idiv0)
/home/felix/Workbench/1/plugins/fr.ac6.mcu.externaltools.arm-none.linux64_1.17.0.201812190825/tools/compiler/bin/../lib/gcc/arm-none-eabi/7.3.1/../../../../arm-none-eabi/lib/thumb/v6-m/libc.a(lib_a-exit.o)
                              /home/felix/Workbench/1/plugins/fr.ac6.mcu.externaltools.arm-none.linux64_1.17.0.201812190825/tools/compiler/bin/../lib/gcc/arm-none-eabi/7.3.1/../../../../arm-none-eabi/lib/thumb/v6-m/crt0.o (exit)
/home/felix/Workbench/1/plugins/fr.ac6.mcu.externaltools.arm-none.linux64_1.17.0.201812190825/tools/compiler/bin/../lib/gcc/arm-none-eabi/7.3.1/../../../../arm-none-eabi/lib/thumb/v6-m/libc.a(lib_a-impure.o)
                              /home/felix/Workbench/1/plugins/fr.ac6.mcu.externaltools.arm-none.linux64_1.17.0.201812190825/tools/compiler/bin/../lib/gcc/arm-none-eabi/7.3.1/../../../../arm-none-eabi/lib/thumb/v6-m/libc.a(lib_a-exit.o) (_global_impure_ptr)
/home/felix/Workbench/1/plugins/fr.ac6.mcu.externaltools.arm-none.linux64_1.17.0.201812190825/tools/compiler/bin/../lib/gcc/arm-none-eabi/7.3.1/../../../../arm-none-eabi/lib/thumb/v6-m/libc.a(lib_a-init.o)
                              /home/felix/Workbench/1/plugins/fr.ac6.mcu.externaltools.arm-none.linux64_1.17.0.201812190825/tools/compiler/bin/../lib/gcc/arm-none-eabi/7.3.1/../../../../arm-none-eabi/lib/thumb/v6-m/crt0.o (__libc_init_array)
/home/felix/Workbench/1/plugins/fr.ac6.mcu.externaltools.arm-none.linux64_1.17.0.201812190825/tools/compiler/bin/../lib/gcc/arm-none-eabi/7.3.1/../../../../arm-none-eabi/lib/thumb/v6-m/libc.a(lib_a-memset.o)
                              /home/felix/Workbench/1/plugins/fr.ac6.mcu.externaltools.arm-none.linux64_1.17.0.201812190825/tools/compiler/bin/../lib/gcc/arm-none-eabi/7.3.1/../../../../arm-none-eabi/lib/thumb/v6-m/crt0.o (memset)
/home/felix/Workbench/1/plugins/fr.ac6.mcu.externaltools.arm-none.linux64_1.17.0.201812190825/tools/compiler/bin/../lib/gcc/arm-none-eabi/7.3.1/../../../../arm-none-eabi/lib/thumb/v6-m/libc.a(lib_a-__call_atexit.o)
                              /home/felix/Workbench/1/plugins/fr.ac6.mcu.externaltools.arm-none.linux64_1.17.0.201812190825/tools/compiler/bin/../lib/gcc/arm-none-eabi/7.3.1/../../../../arm-none-eabi/lib/thumb/v6-m/libc.a(lib_a-exit.o) (__call_exitprocs)
/home/felix/Workbench/1/plugins/fr.ac6.mcu.externaltools.arm-none.linux64_1.17.0.201812190825/tools/compiler/bin/../lib/gcc/arm-none-eabi/7.3.1/../../../../arm-none-eabi/lib/thumb/v6-m/libc.a(lib_a-atexit.o)
                              /home/felix/Workbench/1/plugins/fr.ac6.mcu.externaltools.arm-none.linux64_1.17.0.201812190825/tools/compiler/bin/../lib/gcc/arm-none-eabi/7.3.1/../../../../arm-none-eabi/lib/thumb/v6-m/libc.a(lib_a-__call_atexit.o) (atexit)
/home/felix/Workbench/1/plugins/fr.ac6.mcu.externaltools.arm-none.linux64_1.17.0.201812190825/tools/compiler/bin/../lib/gcc/arm-none-eabi/7.3.1/../../../../arm-none-eabi/lib/thumb/v6-m/libc.a(lib_a-fini.o)
                              /home/felix/Workbench/1/plugins/fr.ac6.mcu.externaltools.arm-none.linux64_1.17.0.201812190825/tools/compiler/bin/../lib/gcc/arm-none-eabi/7.3.1/../../../../arm-none-eabi/lib/thumb/v6-m/libc.a(lib_a-__call_atexit.o) (__libc_fini_array)
/home/felix/Workbench/1/plugins/fr.ac6.mcu.externaltools.arm-none.linux64_1.17.0.201812190825/tools/compiler/bin/../lib/gcc/arm-none-eabi/7.3.1/../../../../arm-none-eabi/lib/thumb/v6-m/libc.a(lib_a-lock.o)
                              /home/felix/Workbench/1/plugins/fr.ac6.mcu.externaltools.arm-none.linux64_1.17.0.201812190825/tools/compiler/bin/../lib/gcc/arm-none-eabi/7.3.1/../../../../arm-none-eabi/lib/thumb/v6-m/libc.a(lib_a-__call_atexit.o) (__retarget_lock_acquire_recursive)
/home/felix/Workbench/1/plugins/fr.ac6.mcu.externaltools.arm-none.linux64_1.17.0.201812190825/tools/compiler/bin/../lib/gcc/arm-none-eabi/7.3.1/../../../../arm-none-eabi/lib/thumb/v6-m/libc.a(lib_a-__atexit.o)
                              /home/felix/Workbench/1/plugins/fr.ac6.mcu.externaltools.arm-none.linux64_1.17.0.201812190825/tools/compiler/bin/../lib/gcc/arm-none-eabi/7.3.1/../../../../arm-none-eabi/lib/thumb/v6-m/libc.a(lib_a-atexit.o) (__register_exitproc)

Allocating common symbols
Common symbol       size              file

__lock___atexit_recursive_mutex
                    0x1               /home/felix/Workbench/1/plugins/fr.ac6.mcu.externaltools.arm-none.linux64_1.17.0.201812190825/tools/compiler/bin/../lib/gcc/arm-none-eabi/7.3.1/../../../../arm-none-eabi/lib/thumb/v6-m/libc.a(lib_a-lock.o)
__lock___arc4random_mutex
                    0x1               /home/felix/Workbench/1/plugins/fr.ac6.mcu.externaltools.arm-none.linux64_1.17.0.201812190825/tools/compiler/bin/../lib/gcc/arm-none-eabi/7.3.1/../../../../arm-none-eabi/lib/thumb/v6-m/libc.a(lib_a-lock.o)
__lock___env_recursive_mutex
                    0x1               /home/felix/Workbench/1/plugins/fr.ac6.mcu.externaltools.arm-none.linux64_1.17.0.201812190825/tools/compiler/bin/../lib/gcc/arm-none-eabi/7.3.1/../../../../arm-none-eabi/lib/thumb/v6-m/libc.a(lib_a-lock.o)
__lock___sinit_recursive_mutex
                    0x1               /home/felix/Workbench/1/plugins/fr.ac6.mcu.externaltools.arm-none.linux64_1.17.0.201812190825/tools/compiler/bin/../lib/gcc/arm-none-eabi/7.3.1/../../../../arm-none-eabi/lib/thumb/v6-m/libc.a(lib_a-lock.o)
__lock___malloc_recursive_mutex
                    0x1               /home/felix/Workbench/1/plugins/fr.ac6.mcu.externaltools.arm-none.linux64_1.17.0.201812190825/tools/compiler/bin/../lib/gcc/arm-none-eabi/7.3.1/../../../../arm-none-eabi/lib/thumb/v6-m/libc.a(lib_a-lock.o)
__lock___at_quick_exit_mutex
                    0x1               /home/felix/Workbench/1/plugins/fr.ac6.mcu.externaltools.arm-none.linux64_1.17.0.201812190825/tools/compiler/bin/../lib/gcc/arm-none-eabi/7.3.1/../../../../arm-none-eabi/lib/thumb/v6-m/libc.a(lib_a-lock.o)
__lock___dd_hash_mutex
                    0x1               /home/felix/Workbench/1/plugins/fr.ac6.mcu.externaltools.arm-none.linux64_1.17.0.201812190825/tools/compiler/bin/../lib/gcc/arm-none-eabi/7.3.1/../../../../arm-none-eabi/lib/thumb/v6-m/libc.a(lib_a-lock.o)
__lock___tz_mutex   0x1               /home/felix/Workbench/1/plugins/fr.ac6.mcu.externaltools.arm-none.linux64_1.17.0.201812190825/tools/compiler/bin/../lib/gcc/arm-none-eabi/7.3.1/../../../../arm-none-eabi/lib/thumb/v6-m/libc.a(lib_a-lock.o)
__lock___sfp_recursive_mutex
                    0x1               /home/felix/Workbench/1/plugins/fr.ac6.mcu.externaltools.arm-none.linux64_1.17.0.201812190825/tools/compiler/bin/../lib/gcc/arm-none-eabi/7.3.1/../../../../arm-none-eabi/lib/thumb/v6-m/libc.a(lib_a-lock.o)

Discarded input sections

 .text          0x0000000000000000        0x0 /home/felix/Workbench/1/plugins/fr.ac6.mcu.externaltools.arm-none.linux64_1.17.0.201812190825/tools/compiler/bin/../lib/gcc/arm-none-eabi/7.3.1/thumb/v6-m/crti.o
 .data          0x0000000000000000        0x0 /home/felix/Workbench/1/plugins/fr.ac6.mcu.externaltools.arm-none.linux64_1.17.0.201812190825/tools/compiler/bin/../lib/gcc/arm-none-eabi/7.3.1/thumb/v6-m/crti.o
 .bss           0x0000000000000000        0x0 /home/felix/Workbench/1/plugins/fr.ac6.mcu.externaltools.arm-none.linux64_1.17.0.201812190825/tools/compiler/bin/../lib/gcc/arm-none-eabi/7.3.1/thumb/v6-m/crti.o
 .data          0x0000000000000000        0x4 /home/felix/Workbench/1/plugins/fr.ac6.mcu.externaltools.arm-none.linux64_1.17.0.201812190825/tools/compiler/bin/../lib/gcc/arm-none-eabi/7.3.1/thumb/v6-m/crtbegin.o
 .text          0x0000000000000000       0x78 /home/felix/Workbench/1/plugins/fr.ac6.mcu.externaltools.arm-none.linux64_1.17.0.201812190825/tools/compiler/bin/../lib/gcc/arm-none-eabi/7.3.1/../../../../arm-none-eabi/lib/thumb/v6-m/crt0.o
 .data          0x0000000000000000        0x0 /home/felix/Workbench/1/plugins/fr.ac6.mcu.externaltools.arm-none.linux64_1.17.0.201812190825/tools/compiler/bin/../lib/gcc/arm-none-eabi/7.3.1/../../../../arm-none-eabi/lib/thumb/v6-m/crt0.o
 .bss           0x0000000000000000        0x0 /home/felix/Workbench/1/plugins/fr.ac6.mcu.externaltools.arm-none.linux64_1.17.0.201812190825/tools/compiler/bin/../lib/gcc/arm-none-eabi/7.3.1/../../../../arm-none-eabi/lib/thumb/v6-m/crt0.o
 .ARM.extab     0x0000000000000000        0x0 /home/felix/Workbench/1/plugins/fr.ac6.mcu.externaltools.arm-none.linux64_1.17.0.201812190825/tools/compiler/bin/../lib/gcc/arm-none-eabi/7.3.1/../../../../arm-none-eabi/lib/thumb/v6-m/crt0.o
 .ARM.exidx     0x0000000000000000        0x8 /home/felix/Workbench/1/plugins/fr.ac6.mcu.externaltools.arm-none.linux64_1.17.0.201812190825/tools/compiler/bin/../lib/gcc/arm-none-eabi/7.3.1/../../../../arm-none-eabi/lib/thumb/v6-m/crt0.o
 .ARM.attributes
                0x0000000000000000       0x1b /home/felix/Workbench/1/plugins/fr.ac6.mcu.externaltools.arm-none.linux64_1.17.0.201812190825/tools/compiler/bin/../lib/gcc/arm-none-eabi/7.3.1/../../../../arm-none-eabi/lib/thumb/v6-m/crt0.o
 .group         0x0000000000000000        0xc src/clock.o
 .group         0x0000000000000000        0xc src/clock.o
 .group         0x0000000000000000        0xc src/clock.o
 .group         0x0000000000000000        0xc src/clock.o
 .group         0x0000000000000000        0xc src/clock.o
 .group         0x0000000000000000        0xc src/clock.o
 .group         0x0000000000000000        0xc src/clock.o
 .group         0x0000000000000000        0xc src/clock.o
 .group         0x0000000000000000        0xc src/clock.o
 .group         0x0000000000000000        0xc src/clock.o
 .group         0x0000000000000000        0xc src/clock.o
 .group         0x0000000000000000        0xc src/clock.o
 .text          0x0000000000000000        0x0 src/clock.o
 .data          0x0000000000000000        0x0 src/clock.o
 .bss           0x0000000000000000        0x0 src/clock.o
 .group         0x0000000000000000        0xc src/i2c.o
 .group         0x0000000000000000        0xc src/i2c.o
 .group         0x0000000000000000        0xc src/i2c.o
 .group         0x0000000000000000        0xc src/i2c.o
 .group         0x0000000000000000        0xc src/i2c.o
 .group         0x0000000000000000        0xc src/i2c.o
 .group         0x0000000000000000        0xc src/i2c.o
 .group         0x0000000000000000        0xc src/i2c.o
 .group         0x0000000000000000        0xc src/i2c.o
 .group         0x0000000000000000        0xc src/i2c.o
 .group         0x0000000000000000        0xc src/i2c.o
 .group         0x0000000000000000        0xc src/i2c.o
 .group         0x0000000000000000        0xc src/i2c.o
 .group         0x0000000000000000        0xc src/i2c.o
 .group         0x0000000000000000        0xc src/i2c.o
 .group         0x0000000000000000        0xc src/i2c.o
 .group         0x0000000000000000        0xc src/i2c.o
 .group         0x0000000000000000        0xc src/i2c.o
 .group         0x0000000000000000        0xc src/i2c.o
 .group         0x0000000000000000        0xc src/i2c.o
 .group         0x0000000000000000        0xc src/i2c.o
 .group         0x0000000000000000        0xc src/i2c.o
 .group         0x0000000000000000        0xc src/i2c.o
 .group         0x0000000000000000        0xc src/i2c.o
 .group         0x0000000000000000        0xc src/i2c.o
 .group         0x0000000000000000        0xc src/i2c.o
 .group         0x0000000000000000        0xc src/i2c.o
 .group         0x0000000000000000        0xc src/i2c.o
 .group         0x0000000000000000        0xc src/i2c.o
 .group         0x0000000000000000        0xc src/i2c.o
 .group         0x0000000000000000        0xc src/i2c.o
 .group         0x0000000000000000        0xc src/i2c.o
 .group         0x0000000000000000        0xc src/i2c.o
 .group         0x0000000000000000        0xc src/i2c.o
 .group         0x0000000000000000        0xc src/i2c.o
 .group         0x0000000000000000        0xc src/i2c.o
 .group         0x0000000000000000        0xc src/i2c.o
 .group         0x0000000000000000        0xc src/i2c.o
 .group         0x0000000000000000        0xc src/i2c.o
 .group         0x0000000000000000        0xc src/i2c.o
 .group         0x0000000000000000        0xc src/i2c.o
 .group         0x0000000000000000        0xc src/i2c.o
 .group         0x0000000000000000        0xc src/i2c.o
 .group         0x0000000000000000        0xc src/i2c.o
 .group         0x0000000000000000        0xc src/i2c.o
 .group         0x0000000000000000        0xc src/i2c.o
 .group         0x0000000000000000        0xc src/i2c.o
 .group         0x0000000000000000        0xc src/i2c.o
 .group         0x0000000000000000        0xc src/i2c.o
 .group         0x0000000000000000        0xc src/i2c.o
 .group         0x0000000000000000        0xc src/i2c.o
 .group         0x0000000000000000        0xc src/i2c.o
 .group         0x0000000000000000        0xc src/i2c.o
 .group         0x0000000000000000        0xc src/i2c.o
 .group         0x0000000000000000        0xc src/i2c.o
 .group         0x0000000000000000        0xc src/i2c.o
 .group         0x0000000000000000        0xc src/i2c.o
 .group         0x0000000000000000        0xc src/i2c.o
 .group         0x0000000000000000        0xc src/i2c.o
 .group         0x0000000000000000        0xc src/i2c.o
 .group         0x0000000000000000        0xc src/i2c.o
 .group         0x0000000000000000        0xc src/i2c.o
 .group         0x0000000000000000        0xc src/i2c.o
 .group         0x0000000000000000        0xc src/i2c.o
 .text          0x0000000000000000        0x0 src/i2c.o
 .data          0x0000000000000000        0x0 src/i2c.o
 .bss           0x0000000000000000        0x0 src/i2c.o
 .debug_macro   0x0000000000000000      0xa5a src/i2c.o
 .debug_macro   0x0000000000000000       0x22 src/i2c.o
 .debug_macro   0x0000000000000000       0x56 src/i2c.o
 .debug_macro   0x0000000000000000       0x51 src/i2c.o
 .debug_macro   0x0000000000000000       0xef src/i2c.o
 .debug_macro   0x0000000000000000       0x6a src/i2c.o
 .debug_macro   0x0000000000000000      0x1df src/i2c.o
 .debug_macro   0x0000000000000000       0x28 src/i2c.o
 .debug_macro   0x0000000000000000       0x26 src/i2c.o
 .debug_macro   0x0000000000000000      0x44f src/i2c.o
 .debug_macro   0x0000000000000000     0xa43e src/i2c.o
 .group         0x0000000000000000        0xc src/lcd.o
 .group         0x0000000000000000        0xc src/lcd.o
 .group         0x0000000000000000        0xc src/lcd.o
 .group         0x0000000000000000        0xc src/lcd.o
 .group         0x0000000000000000        0xc src/lcd.o
 .group         0x0000000000000000        0xc src/lcd.o
 .group         0x0000000000000000        0xc src/lcd.o
 .group         0x0000000000000000        0xc src/lcd.o
 .group         0x0000000000000000        0xc src/lcd.o
 .text          0x0000000000000000        0x0 src/lcd.o
 .data          0x0000000000000000        0x0 src/lcd.o
 .text.lcd_return_home
                0x0000000000000000       0x1c src/lcd.o
 .text.lcd_set_cursor
                0x0000000000000000       0x24 src/lcd.o
 .debug_macro   0x0000000000000000      0xa5a src/lcd.o
 .debug_macro   0x0000000000000000       0x22 src/lcd.o
 .debug_macro   0x0000000000000000       0x56 src/lcd.o
 .debug_macro   0x0000000000000000       0x51 src/lcd.o
 .debug_macro   0x0000000000000000       0xef src/lcd.o
 .debug_macro   0x0000000000000000       0x6a src/lcd.o
 .debug_macro   0x0000000000000000      0x1df src/lcd.o
 .debug_macro   0x0000000000000000       0x22 src/lcd.o
 .debug_macro   0x0000000000000000      0x16d src/lcd.o
 .group         0x0000000000000000        0xc src/main.o
 .group         0x0000000000000000        0xc src/main.o
 .group         0x0000000000000000        0xc src/main.o
 .group         0x0000000000000000        0xc src/main.o
 .group         0x0000000000000000        0xc src/main.o
 .group         0x0000000000000000        0xc src/main.o
 .group         0x0000000000000000        0xc src/main.o
 .group         0x0000000000000000        0xc src/main.o
 .group         0x0000000000000000        0xc src/main.o
 .group         0x0000000000000000        0xc src/main.o
 .group         0x0000000000000000        0xc src/main.o
 .group         0x0000000000000000        0xc src/main.o
 .group         0x0000000000000000        0xc src/main.o
 .text          0x0000000000000000        0x0 src/main.o
 .data          0x0000000000000000        0x0 src/main.o
 .bss           0x0000000000000000        0x0 src/main.o
 .debug_macro   0x0000000000000000      0xa5a src/main.o
 .debug_macro   0x0000000000000000       0x22 src/main.o
 .debug_macro   0x0000000000000000       0x56 src/main.o
 .debug_macro   0x0000000000000000       0x51 src/main.o
 .debug_macro   0x0000000000000000       0xef src/main.o
 .debug_macro   0x0000000000000000       0x6a src/main.o
 .debug_macro   0x0000000000000000      0x1df src/main.o
 .debug_macro   0x0000000000000000       0x22 src/main.o
 .debug_macro   0x0000000000000000       0x28 src/main.o
 .debug_macro   0x0000000000000000       0x3a src/main.o
 .debug_macro   0x0000000000000000       0x26 src/main.o
 .debug_macro   0x0000000000000000      0x44f src/main.o
 .debug_macro   0x0000000000000000     0xa43e src/main.o
 .group         0x0000000000000000        0xc src/systick.o
 .group         0x0000000000000000        0xc src/systick.o
 .group         0x0000000000000000        0xc src/systick.o
 .group         0x0000000000000000        0xc src/systick.o
 .group         0x0000000000000000        0xc src/systick.o
 .group         0x0000000000000000        0xc src/systick.o
 .group         0x0000000000000000        0xc src/systick.o
 .group         0x0000000000000000        0xc src/systick.o
 .group         0x0000000000000000        0xc src/systick.o
 .group         0x0000000000000000        0xc src/systick.o
 .group         0x0000000000000000        0xc src/systick.o
 .group         0x0000000000000000        0xc src/systick.o
 .group         0x0000000000000000        0xc src/systick.o
 .group         0x0000000000000000        0xc src/systick.o
 .group         0x0000000000000000        0xc src/systick.o
 .group         0x0000000000000000        0xc src/systick.o
 .group         0x0000000000000000        0xc src/systick.o
 .group         0x0000000000000000        0xc src/systick.o
 .group         0x0000000000000000        0xc src/systick.o
 .group         0x0000000000000000        0xc src/systick.o
 .group         0x0000000000000000        0xc src/systick.o
 .group         0x0000000000000000        0xc src/systick.o
 .group         0x0000000000000000        0xc src/systick.o
 .group         0x0000000000000000        0xc src/systick.o
 .group         0x0000000000000000        0xc src/systick.o
 .group         0x0000000000000000        0xc src/systick.o
 .group         0x0000000000000000        0xc src/systick.o
 .group         0x0000000000000000        0xc src/systick.o
 .group         0x0000000000000000        0xc src/systick.o
 .group         0x0000000000000000        0xc src/systick.o
 .group         0x0000000000000000        0xc src/systick.o
 .group         0x0000000000000000        0xc src/systick.o
 .group         0x0000000000000000        0xc src/systick.o
 .group         0x0000000000000000        0xc src/systick.o
 .group         0x0000000000000000        0xc src/systick.o
 .group         0x0000000000000000        0xc src/systick.o
 .group         0x0000000000000000        0xc src/systick.o
 .group         0x0000000000000000        0xc src/systick.o
 .group         0x0000000000000000        0xc src/systick.o
 .group         0x0000000000000000        0xc src/systick.o
 .group         0x0000000000000000        0xc src/systick.o
 .group         0x0000000000000000        0xc src/systick.o
 .group         0x0000000000000000        0xc src/systick.o
 .group         0x0000000000000000        0xc src/systick.o
 .group         0x0000000000000000        0xc src/systick.o
 .group         0x0000000000000000        0xc src/systick.o
 .group         0x0000000000000000        0xc src/systick.o
 .group         0x0000000000000000        0xc src/systick.o
 .group         0x0000000000000000        0xc src/systick.o
 .group         0x0000000000000000        0xc src/systick.o
 .group         0x0000000000000000        0xc src/systick.o
 .group         0x0000000000000000        0xc src/systick.o
 .group         0x0000000000000000        0xc src/systick.o
 .group         0x0000000000000000        0xc src/systick.o
 .group         0x0000000000000000        0xc src/systick.o
 .group         0x0000000000000000        0xc src/systick.o
 .group         0x0000000000000000        0xc src/systick.o
 .group         0x0000000000000000        0xc src/systick.o
 .group         0x0000000000000000        0xc src/systick.o
 .group         0x0000000000000000        0xc src/systick.o
 .group         0x0000000000000000        0xc src/systick.o
 .group         0x0000000000000000        0xc src/systick.o
 .group         0x0000000000000000        0xc src/systick.o
 .text          0x0000000000000000        0x0 src/systick.o
 .data          0x0000000000000000        0x0 src/systick.o
 .debug_macro   0x0000000000000000      0xa5a src/systick.o
 .debug_macro   0x0000000000000000       0x22 src/systick.o
 .debug_macro   0x0000000000000000       0x56 src/systick.o
 .debug_macro   0x0000000000000000       0x51 src/systick.o
 .debug_macro   0x0000000000000000       0xef src/systick.o
 .debug_macro   0x0000000000000000       0x6a src/systick.o
 .debug_macro   0x0000000000000000      0x1df src/systick.o
 .debug_macro   0x0000000000000000       0x28 src/systick.o
 .debug_macro   0x0000000000000000       0x28 src/systick.o
 .debug_macro   0x0000000000000000       0x3a src/systick.o
 .debug_macro   0x0000000000000000       0x26 src/systick.o
 .debug_macro   0x0000000000000000      0x44f src/systick.o
 .debug_macro   0x0000000000000000     0xa43e src/systick.o
 .debug_macro   0x0000000000000000       0x3c src/systick.o
 .debug_macro   0x0000000000000000      0x11b src/systick.o
 .debug_macro   0x0000000000000000     0x352c src/systick.o
 .debug_macro   0x0000000000000000      0x16d src/systick.o
 .debug_macro   0x0000000000000000       0x5b src/systick.o
 .debug_macro   0x0000000000000000      0x8e4 src/systick.o
 .debug_macro   0x0000000000000000      0xbb4 src/systick.o
 .debug_macro   0x0000000000000000      0x13f src/systick.o
 .debug_macro   0x0000000000000000      0x1d1 src/systick.o
 .debug_macro   0x0000000000000000      0x28e src/systick.o
 .debug_macro   0x0000000000000000      0x1e9 src/systick.o
 .debug_macro   0x0000000000000000      0x4ef src/systick.o
 .debug_macro   0x0000000000000000       0x6b src/systick.o
 .debug_macro   0x0000000000000000      0x24e src/systick.o
 .debug_macro   0x0000000000000000       0xd5 src/systick.o
 .debug_macro   0x0000000000000000       0x4c src/systick.o
 .debug_macro   0x0000000000000000      0x122 src/systick.o
 .debug_macro   0x0000000000000000       0xa0 src/systick.o
 .debug_macro   0x0000000000000000      0x13e src/systick.o
 .debug_macro   0x0000000000000000      0x4b5 src/systick.o
 .debug_macro   0x0000000000000000      0x22c src/systick.o
 .debug_macro   0x0000000000000000       0x5b src/systick.o
 .debug_macro   0x0000000000000000       0xa5 src/systick.o
 .debug_macro   0x0000000000000000      0x1a0 src/systick.o
 .debug_macro   0x0000000000000000       0x85 src/systick.o
 .debug_macro   0x0000000000000000      0x3f4 src/systick.o
 .debug_macro   0x0000000000000000      0x25c src/systick.o
 .debug_macro   0x0000000000000000      0x18d src/systick.o
 .debug_macro   0x0000000000000000       0x16 src/systick.o
 .debug_macro   0x0000000000000000       0x8f src/systick.o
 .debug_macro   0x0000000000000000      0x30c src/systick.o
 .debug_macro   0x0000000000000000      0x418 src/systick.o
 .debug_macro   0x0000000000000000       0xdd src/systick.o
 .debug_macro   0x0000000000000000      0x22c src/systick.o
 .debug_macro   0x0000000000000000      0x734 src/systick.o
 .debug_macro   0x0000000000000000       0xfc src/systick.o
 .debug_macro   0x0000000000000000      0x3d0 src/systick.o
 .debug_macro   0x0000000000000000      0x57b src/systick.o
 .debug_macro   0x0000000000000000       0x44 src/systick.o
 .debug_macro   0x0000000000000000      0x279 src/systick.o
 .debug_macro   0x0000000000000000       0x30 src/systick.o
 .debug_macro   0x0000000000000000      0x2b8 src/systick.o
 .debug_macro   0x0000000000000000       0x30 src/systick.o
 .debug_macro   0x0000000000000000      0x2bf src/systick.o
 .debug_macro   0x0000000000000000      0x11d src/systick.o
 .debug_macro   0x0000000000000000      0x353 src/systick.o
 .debug_macro   0x0000000000000000       0x8d src/systick.o
 .debug_macro   0x0000000000000000       0x57 src/systick.o
 .debug_macro   0x0000000000000000      0x25e src/systick.o
 .debug_macro   0x0000000000000000      0x199 src/systick.o
 .text          0x0000000000000000       0x14 startup/startup_stm32l073xx.o
 .data          0x0000000000000000        0x0 startup/startup_stm32l073xx.o
 .bss           0x0000000000000000        0x0 startup/startup_stm32l073xx.o
 .group         0x0000000000000000        0xc startup/system_stm32l0xx.o
 .group         0x0000000000000000        0xc startup/system_stm32l0xx.o
 .group         0x0000000000000000        0xc startup/system_stm32l0xx.o
 .group         0x0000000000000000        0xc startup/system_stm32l0xx.o
 .group         0x0000000000000000        0xc startup/system_stm32l0xx.o
 .group         0x0000000000000000        0xc startup/system_stm32l0xx.o
 .group         0x0000000000000000        0xc startup/system_stm32l0xx.o
 .group         0x0000000000000000        0xc startup/system_stm32l0xx.o
 .group         0x0000000000000000        0xc startup/system_stm32l0xx.o
 .group         0x0000000000000000        0xc startup/system_stm32l0xx.o
 .group         0x0000000000000000        0xc startup/system_stm32l0xx.o
 .group         0x0000000000000000        0xc startup/system_stm32l0xx.o
 .group         0x0000000000000000        0xc startup/system_stm32l0xx.o
 .group         0x0000000000000000        0xc startup/system_stm32l0xx.o
 .group         0x0000000000000000        0xc startup/system_stm32l0xx.o
 .group         0x0000000000000000        0xc startup/system_stm32l0xx.o
 .group         0x0000000000000000        0xc startup/system_stm32l0xx.o
 .group         0x0000000000000000        0xc startup/system_stm32l0xx.o
 .group         0x0000000000000000        0xc startup/system_stm32l0xx.o
 .group         0x0000000000000000        0xc startup/system_stm32l0xx.o
 .group         0x0000000000000000        0xc startup/system_stm32l0xx.o
 .group         0x0000000000000000        0xc startup/system_stm32l0xx.o
 .group         0x0000000000000000        0xc startup/system_stm32l0xx.o
 .group         0x0000000000000000        0xc startup/system_stm32l0xx.o
 .group         0x0000000000000000        0xc startup/system_stm32l0xx.o
 .group         0x0000000000000000        0xc startup/system_stm32l0xx.o
 .group         0x0000000000000000        0xc startup/system_stm32l0xx.o
 .group         0x0000000000000000        0xc startup/system_stm32l0xx.o
 .group         0x0000000000000000        0xc startup/system_stm32l0xx.o
 .group         0x0000000000000000        0xc startup/system_stm32l0xx.o
 .group         0x0000000000000000        0xc startup/system_stm32l0xx.o
 .group         0x0000000000000000        0xc startup/system_stm32l0xx.o
 .group         0x0000000000000000        0xc startup/system_stm32l0xx.o
 .group         0x0000000000000000        0xc startup/system_stm32l0xx.o
 .group         0x0000000000000000        0xc startup/system_stm32l0xx.o
 .group         0x0000000000000000        0xc startup/system_stm32l0xx.o
 .group         0x0000000000000000        0xc startup/system_stm32l0xx.o
 .group         0x0000000000000000        0xc startup/system_stm32l0xx.o
 .group         0x0000000000000000        0xc startup/system_stm32l0xx.o
 .group         0x0000000000000000        0xc startup/system_stm32l0xx.o
 .group         0x0000000000000000        0xc startup/system_stm32l0xx.o
 .group         0x0000000000000000        0xc startup/system_stm32l0xx.o
 .group         0x0000000000000000        0xc startup/system_stm32l0xx.o
 .group         0x0000000000000000        0xc startup/system_stm32l0xx.o
 .group         0x0000000000000000        0xc startup/system_stm32l0xx.o
 .group         0x0000000000000000        0xc startup/system_stm32l0xx.o
 .group         0x0000000000000000        0xc startup/system_stm32l0xx.o
 .group         0x0000000000000000        0xc startup/system_stm32l0xx.o
 .group         0x0000000000000000        0xc startup/system_stm32l0xx.o
 .group         0x0000000000000000        0xc startup/system_stm32l0xx.o
 .group         0x0000000000000000        0xc startup/system_stm32l0xx.o
 .group         0x0000000000000000        0xc startup/system_stm32l0xx.o
 .group         0x0000000000000000        0xc startup/system_stm32l0xx.o
 .group         0x0000000000000000        0xc startup/system_stm32l0xx.o
 .group         0x0000000000000000        0xc startup/system_stm32l0xx.o
 .group         0x0000000000000000        0xc startup/system_stm32l0xx.o
 .group         0x0000000000000000        0xc startup/system_stm32l0xx.o
 .group         0x0000000000000000        0xc startup/system_stm32l0xx.o
 .group         0x0000000000000000        0xc startup/system_stm32l0xx.o
 .group         0x0000000000000000        0xc startup/system_stm32l0xx.o
 .group         0x0000000000000000        0xc startup/system_stm32l0xx.o
 .group         0x0000000000000000        0xc startup/system_stm32l0xx.o
 .group         0x0000000000000000        0xc startup/system_stm32l0xx.o
 .text          0x0000000000000000        0x0 startup/system_stm32l0xx.o
 .bss           0x0000000000000000        0x0 startup/system_stm32l0xx.o
 .debug_macro   0x0000000000000000      0xa5a startup/system_stm32l0xx.o
 .debug_macro   0x0000000000000000       0x28 startup/system_stm32l0xx.o
 .debug_macro   0x0000000000000000       0x28 startup/system_stm32l0xx.o
 .debug_macro   0x0000000000000000       0x22 startup/system_stm32l0xx.o
 .debug_macro   0x0000000000000000       0x56 startup/system_stm32l0xx.o
 .debug_macro   0x0000000000000000       0x51 startup/system_stm32l0xx.o
 .debug_macro   0x0000000000000000       0xef startup/system_stm32l0xx.o
 .debug_macro   0x0000000000000000       0x6a startup/system_stm32l0xx.o
 .debug_macro   0x0000000000000000      0x1df startup/system_stm32l0xx.o
 .debug_macro   0x0000000000000000       0x34 startup/system_stm32l0xx.o
 .debug_macro   0x0000000000000000       0x26 startup/system_stm32l0xx.o
 .debug_macro   0x0000000000000000      0x44f startup/system_stm32l0xx.o
 .debug_macro   0x0000000000000000     0xa43e startup/system_stm32l0xx.o
 .debug_macro   0x0000000000000000       0x3c startup/system_stm32l0xx.o
 .debug_macro   0x0000000000000000      0x11b startup/system_stm32l0xx.o
 .debug_macro   0x0000000000000000     0x352c startup/system_stm32l0xx.o
 .debug_macro   0x0000000000000000      0x16d startup/system_stm32l0xx.o
 .debug_macro   0x0000000000000000       0x5b startup/system_stm32l0xx.o
 .debug_macro   0x0000000000000000      0x8e4 startup/system_stm32l0xx.o
 .debug_macro   0x0000000000000000      0xbb4 startup/system_stm32l0xx.o
 .debug_macro   0x0000000000000000      0x13f startup/system_stm32l0xx.o
 .debug_macro   0x0000000000000000      0x1d1 startup/system_stm32l0xx.o
 .debug_macro   0x0000000000000000      0x28e startup/system_stm32l0xx.o
 .debug_macro   0x0000000000000000      0x1e9 startup/system_stm32l0xx.o
 .debug_macro   0x0000000000000000      0x4ef startup/system_stm32l0xx.o
 .debug_macro   0x0000000000000000       0x6b startup/system_stm32l0xx.o
 .debug_macro   0x0000000000000000      0x24e startup/system_stm32l0xx.o
 .debug_macro   0x0000000000000000       0xd5 startup/system_stm32l0xx.o
 .debug_macro   0x0000000000000000       0x4c startup/system_stm32l0xx.o
 .debug_macro   0x0000000000000000      0x122 startup/system_stm32l0xx.o
 .debug_macro   0x0000000000000000       0xa0 startup/system_stm32l0xx.o
 .debug_macro   0x0000000000000000      0x13e startup/system_stm32l0xx.o
 .debug_macro   0x0000000000000000      0x4b5 startup/system_stm32l0xx.o
 .debug_macro   0x0000000000000000      0x22c startup/system_stm32l0xx.o
 .debug_macro   0x0000000000000000       0x5b startup/system_stm32l0xx.o
 .debug_macro   0x0000000000000000       0xa5 startup/system_stm32l0xx.o
 .debug_macro   0x0000000000000000      0x1a0 startup/system_stm32l0xx.o
 .debug_macro   0x0000000000000000       0x85 startup/system_stm32l0xx.o
 .debug_macro   0x0000000000000000      0x3f4 startup/system_stm32l0xx.o
 .debug_macro   0x0000000000000000      0x25c startup/system_stm32l0xx.o
 .debug_macro   0x0000000000000000      0x18d startup/system_stm32l0xx.o
 .debug_macro   0x0000000000000000       0x16 startup/system_stm32l0xx.o
 .debug_macro   0x0000000000000000       0x8f startup/system_stm32l0xx.o
 .debug_macro   0x0000000000000000      0x30c startup/system_stm32l0xx.o
 .debug_macro   0x0000000000000000      0x418 startup/system_stm32l0xx.o
 .debug_macro   0x0000000000000000       0xdd startup/system_stm32l0xx.o
 .debug_macro   0x0000000000000000      0x22c startup/system_stm32l0xx.o
 .debug_macro   0x0000000000000000      0x734 startup/system_stm32l0xx.o
 .debug_macro   0x0000000000000000       0xfc startup/system_stm32l0xx.o
 .debug_macro   0x0000000000000000      0x3d0 startup/system_stm32l0xx.o
 .debug_macro   0x0000000000000000      0x57b startup/system_stm32l0xx.o
 .debug_macro   0x0000000000000000       0x44 startup/system_stm32l0xx.o
 .debug_macro   0x0000000000000000      0x279 startup/system_stm32l0xx.o
 .debug_macro   0x0000000000000000       0x30 startup/system_stm32l0xx.o
 .debug_macro   0x0000000000000000      0x2b8 startup/system_stm32l0xx.o
 .debug_macro   0x0000000000000000       0x30 startup/system_stm32l0xx.o
 .debug_macro   0x0000000000000000      0x2bf startup/system_stm32l0xx.o
 .debug_macro   0x0000000000000000      0x11d startup/system_stm32l0xx.o
 .debug_macro   0x0000000000000000      0x353 startup/system_stm32l0xx.o
 .debug_macro   0x0000000000000000       0x8d startup/system_stm32l0xx.o
 .debug_macro   0x0000000000000000       0x57 startup/system_stm32l0xx.o
 .debug_macro   0x0000000000000000      0x25e startup/system_stm32l0xx.o
 .debug_macro   0x0000000000000000      0x199 startup/system_stm32l0xx.o
 .data          0x0000000000000000        0x0 /home/felix/Workbench/1/plugins/fr.ac6.mcu.externaltools.arm-none.linux64_1.17.0.201812190825/tools/compiler/bin/../lib/gcc/arm-none-eabi/7.3.1/thumb/v6-m/libgcc.a(_udivsi3.o)
 .bss           0x0000000000000000        0x0 /home/felix/Workbench/1/plugins/fr.ac6.mcu.externaltools.arm-none.linux64_1.17.0.201812190825/tools/compiler/bin/../lib/gcc/arm-none-eabi/7.3.1/thumb/v6-m/libgcc.a(_udivsi3.o)
 .data          0x0000000000000000        0x0 /home/felix/Workbench/1/plugins/fr.ac6.mcu.externaltools.arm-none.linux64_1.17.0.201812190825/tools/compiler/bin/../lib/gcc/arm-none-eabi/7.3.1/thumb/v6-m/libgcc.a(_dvmd_tls.o)
 .bss           0x0000000000000000        0x0 /home/felix/Workbench/1/plugins/fr.ac6.mcu.externaltools.arm-none.linux64_1.17.0.201812190825/tools/compiler/bin/../lib/gcc/arm-none-eabi/7.3.1/thumb/v6-m/libgcc.a(_dvmd_tls.o)
 .text          0x0000000000000000        0x0 /home/felix/Workbench/1/plugins/fr.ac6.mcu.externaltools.arm-none.linux64_1.17.0.201812190825/tools/compiler/bin/../lib/gcc/arm-none-eabi/7.3.1/../../../../arm-none-eabi/lib/thumb/v6-m/libc.a(lib_a-exit.o)
 .data          0x0000000000000000        0x0 /home/felix/Workbench/1/plugins/fr.ac6.mcu.externaltools.arm-none.linux64_1.17.0.201812190825/tools/compiler/bin/../lib/gcc/arm-none-eabi/7.3.1/../../../../arm-none-eabi/lib/thumb/v6-m/libc.a(lib_a-exit.o)
 .bss           0x0000000000000000        0x0 /home/felix/Workbench/1/plugins/fr.ac6.mcu.externaltools.arm-none.linux64_1.17.0.201812190825/tools/compiler/bin/../lib/gcc/arm-none-eabi/7.3.1/../../../../arm-none-eabi/lib/thumb/v6-m/libc.a(lib_a-exit.o)
 .text.exit     0x0000000000000000       0x20 /home/felix/Workbench/1/plugins/fr.ac6.mcu.externaltools.arm-none.linux64_1.17.0.201812190825/tools/compiler/bin/../lib/gcc/arm-none-eabi/7.3.1/../../../../arm-none-eabi/lib/thumb/v6-m/libc.a(lib_a-exit.o)
 .debug_frame   0x0000000000000000       0x28 /home/felix/Workbench/1/plugins/fr.ac6.mcu.externaltools.arm-none.linux64_1.17.0.201812190825/tools/compiler/bin/../lib/gcc/arm-none-eabi/7.3.1/../../../../arm-none-eabi/lib/thumb/v6-m/libc.a(lib_a-exit.o)
 .ARM.attributes
                0x0000000000000000       0x2c /home/felix/Workbench/1/plugins/fr.ac6.mcu.externaltools.arm-none.linux64_1.17.0.201812190825/tools/compiler/bin/../lib/gcc/arm-none-eabi/7.3.1/../../../../arm-none-eabi/lib/thumb/v6-m/libc.a(lib_a-exit.o)
 .text          0x0000000000000000        0x0 /home/felix/Workbench/1/plugins/fr.ac6.mcu.externaltools.arm-none.linux64_1.17.0.201812190825/tools/compiler/bin/../lib/gcc/arm-none-eabi/7.3.1/../../../../arm-none-eabi/lib/thumb/v6-m/libc.a(lib_a-impure.o)
 .data          0x0000000000000000        0x0 /home/felix/Workbench/1/plugins/fr.ac6.mcu.externaltools.arm-none.linux64_1.17.0.201812190825/tools/compiler/bin/../lib/gcc/arm-none-eabi/7.3.1/../../../../arm-none-eabi/lib/thumb/v6-m/libc.a(lib_a-impure.o)
 .bss           0x0000000000000000        0x0 /home/felix/Workbench/1/plugins/fr.ac6.mcu.externaltools.arm-none.linux64_1.17.0.201812190825/tools/compiler/bin/../lib/gcc/arm-none-eabi/7.3.1/../../../../arm-none-eabi/lib/thumb/v6-m/libc.a(lib_a-impure.o)
 .data._impure_ptr
                0x0000000000000000        0x4 /home/felix/Workbench/1/plugins/fr.ac6.mcu.externaltools.arm-none.linux64_1.17.0.201812190825/tools/compiler/bin/../lib/gcc/arm-none-eabi/7.3.1/../../../../arm-none-eabi/lib/thumb/v6-m/libc.a(lib_a-impure.o)
 .text          0x0000000000000000        0x0 /home/felix/Workbench/1/plugins/fr.ac6.mcu.externaltools.arm-none.linux64_1.17.0.201812190825/tools/compiler/bin/../lib/gcc/arm-none-eabi/7.3.1/../../../../arm-none-eabi/lib/thumb/v6-m/libc.a(lib_a-init.o)
 .data          0x0000000000000000        0x0 /home/felix/Workbench/1/plugins/fr.ac6.mcu.externaltools.arm-none.linux64_1.17.0.201812190825/tools/compiler/bin/../lib/gcc/arm-none-eabi/7.3.1/../../../../arm-none-eabi/lib/thumb/v6-m/libc.a(lib_a-init.o)
 .bss           0x0000000000000000        0x0 /home/felix/Workbench/1/plugins/fr.ac6.mcu.externaltools.arm-none.linux64_1.17.0.201812190825/tools/compiler/bin/../lib/gcc/arm-none-eabi/7.3.1/../../../../arm-none-eabi/lib/thumb/v6-m/libc.a(lib_a-init.o)
 .text          0x0000000000000000        0x0 /home/felix/Workbench/1/plugins/fr.ac6.mcu.externaltools.arm-none.linux64_1.17.0.201812190825/tools/compiler/bin/../lib/gcc/arm-none-eabi/7.3.1/../../../../arm-none-eabi/lib/thumb/v6-m/libc.a(lib_a-memset.o)
 .data          0x0000000000000000        0x0 /home/felix/Workbench/1/plugins/fr.ac6.mcu.externaltools.arm-none.linux64_1.17.0.201812190825/tools/compiler/bin/../lib/gcc/arm-none-eabi/7.3.1/../../../../arm-none-eabi/lib/thumb/v6-m/libc.a(lib_a-memset.o)
 .bss           0x0000000000000000        0x0 /home/felix/Workbench/1/plugins/fr.ac6.mcu.externaltools.arm-none.linux64_1.17.0.201812190825/tools/compiler/bin/../lib/gcc/arm-none-eabi/7.3.1/../../../../arm-none-eabi/lib/thumb/v6-m/libc.a(lib_a-memset.o)
 .text.memset   0x0000000000000000       0x9c /home/felix/Workbench/1/plugins/fr.ac6.mcu.externaltools.arm-none.linux64_1.17.0.201812190825/tools/compiler/bin/../lib/gcc/arm-none-eabi/7.3.1/../../../../arm-none-eabi/lib/thumb/v6-m/libc.a(lib_a-memset.o)
 .debug_frame   0x0000000000000000       0x30 /home/felix/Workbench/1/plugins/fr.ac6.mcu.externaltools.arm-none.linux64_1.17.0.201812190825/tools/compiler/bin/../lib/gcc/arm-none-eabi/7.3.1/../../../../arm-none-eabi/lib/thumb/v6-m/libc.a(lib_a-memset.o)
 .ARM.attributes
                0x0000000000000000       0x2c /home/felix/Workbench/1/plugins/fr.ac6.mcu.externaltools.arm-none.linux64_1.17.0.201812190825/tools/compiler/bin/../lib/gcc/arm-none-eabi/7.3.1/../../../../arm-none-eabi/lib/thumb/v6-m/libc.a(lib_a-memset.o)
 .text          0x0000000000000000        0x0 /home/felix/Workbench/1/plugins/fr.ac6.mcu.externaltools.arm-none.linux64_1.17.0.201812190825/tools/compiler/bin/../lib/gcc/arm-none-eabi/7.3.1/../../../../arm-none-eabi/lib/thumb/v6-m/libc.a(lib_a-__call_atexit.o)
 .data          0x0000000000000000        0x0 /home/felix/Workbench/1/plugins/fr.ac6.mcu.externaltools.arm-none.linux64_1.17.0.201812190825/tools/compiler/bin/../lib/gcc/arm-none-eabi/7.3.1/../../../../arm-none-eabi/lib/thumb/v6-m/libc.a(lib_a-__call_atexit.o)
 .bss           0x0000000000000000        0x0 /home/felix/Workbench/1/plugins/fr.ac6.mcu.externaltools.arm-none.linux64_1.17.0.201812190825/tools/compiler/bin/../lib/gcc/arm-none-eabi/7.3.1/../../../../arm-none-eabi/lib/thumb/v6-m/libc.a(lib_a-__call_atexit.o)
 .text.__call_exitprocs
                0x0000000000000000      0x118 /home/felix/Workbench/1/plugins/fr.ac6.mcu.externaltools.arm-none.linux64_1.17.0.201812190825/tools/compiler/bin/../lib/gcc/arm-none-eabi/7.3.1/../../../../arm-none-eabi/lib/thumb/v6-m/libc.a(lib_a-__call_atexit.o)
 .text          0x0000000000000000        0x0 /home/felix/Workbench/1/plugins/fr.ac6.mcu.externaltools.arm-none.linux64_1.17.0.201812190825/tools/compiler/bin/../lib/gcc/arm-none-eabi/7.3.1/../../../../arm-none-eabi/lib/thumb/v6-m/libc.a(lib_a-atexit.o)
 .data          0x0000000000000000        0x0 /home/felix/Workbench/1/plugins/fr.ac6.mcu.externaltools.arm-none.linux64_1.17.0.201812190825/tools/compiler/bin/../lib/gcc/arm-none-eabi/7.3.1/../../../../arm-none-eabi/lib/thumb/v6-m/libc.a(lib_a-atexit.o)
 .bss           0x0000000000000000        0x0 /home/felix/Workbench/1/plugins/fr.ac6.mcu.externaltools.arm-none.linux64_1.17.0.201812190825/tools/compiler/bin/../lib/gcc/arm-none-eabi/7.3.1/../../../../arm-none-eabi/lib/thumb/v6-m/libc.a(lib_a-atexit.o)
 .text          0x0000000000000000        0x0 /home/felix/Workbench/1/plugins/fr.ac6.mcu.externaltools.arm-none.linux64_1.17.0.201812190825/tools/compiler/bin/../lib/gcc/arm-none-eabi/7.3.1/../../../../arm-none-eabi/lib/thumb/v6-m/libc.a(lib_a-fini.o)
 .data          0x0000000000000000        0x0 /home/felix/Workbench/1/plugins/fr.ac6.mcu.externaltools.arm-none.linux64_1.17.0.201812190825/tools/compiler/bin/../lib/gcc/arm-none-eabi/7.3.1/../../../../arm-none-eabi/lib/thumb/v6-m/libc.a(lib_a-fini.o)
 .bss           0x0000000000000000        0x0 /home/felix/Workbench/1/plugins/fr.ac6.mcu.externaltools.arm-none.linux64_1.17.0.201812190825/tools/compiler/bin/../lib/gcc/arm-none-eabi/7.3.1/../../../../arm-none-eabi/lib/thumb/v6-m/libc.a(lib_a-fini.o)
 .text          0x0000000000000000        0x0 /home/felix/Workbench/1/plugins/fr.ac6.mcu.externaltools.arm-none.linux64_1.17.0.201812190825/tools/compiler/bin/../lib/gcc/arm-none-eabi/7.3.1/../../../../arm-none-eabi/lib/thumb/v6-m/libc.a(lib_a-lock.o)
 .data          0x0000000000000000        0x0 /home/felix/Workbench/1/plugins/fr.ac6.mcu.externaltools.arm-none.linux64_1.17.0.201812190825/tools/compiler/bin/../lib/gcc/arm-none-eabi/7.3.1/../../../../arm-none-eabi/lib/thumb/v6-m/libc.a(lib_a-lock.o)
 .bss           0x0000000000000000        0x0 /home/felix/Workbench/1/plugins/fr.ac6.mcu.externaltools.arm-none.linux64_1.17.0.201812190825/tools/compiler/bin/../lib/gcc/arm-none-eabi/7.3.1/../../../../arm-none-eabi/lib/thumb/v6-m/libc.a(lib_a-lock.o)
 .text.__retarget_lock_init
                0x0000000000000000        0x4 /home/felix/Workbench/1/plugins/fr.ac6.mcu.externaltools.arm-none.linux64_1.17.0.201812190825/tools/compiler/bin/../lib/gcc/arm-none-eabi/7.3.1/../../../../arm-none-eabi/lib/thumb/v6-m/libc.a(lib_a-lock.o)
 .text.__retarget_lock_init_recursive
                0x0000000000000000        0x4 /home/felix/Workbench/1/plugins/fr.ac6.mcu.externaltools.arm-none.linux64_1.17.0.201812190825/tools/compiler/bin/../lib/gcc/arm-none-eabi/7.3.1/../../../../arm-none-eabi/lib/thumb/v6-m/libc.a(lib_a-lock.o)
 .text.__retarget_lock_close
                0x0000000000000000        0x4 /home/felix/Workbench/1/plugins/fr.ac6.mcu.externaltools.arm-none.linux64_1.17.0.201812190825/tools/compiler/bin/../lib/gcc/arm-none-eabi/7.3.1/../../../../arm-none-eabi/lib/thumb/v6-m/libc.a(lib_a-lock.o)
 .text.__retarget_lock_close_recursive
                0x0000000000000000        0x4 /home/felix/Workbench/1/plugins/fr.ac6.mcu.externaltools.arm-none.linux64_1.17.0.201812190825/tools/compiler/bin/../lib/gcc/arm-none-eabi/7.3.1/../../../../arm-none-eabi/lib/thumb/v6-m/libc.a(lib_a-lock.o)
 .text.__retarget_lock_acquire
                0x0000000000000000        0x4 /home/felix/Workbench/1/plugins/fr.ac6.mcu.externaltools.arm-none.linux64_1.17.0.201812190825/tools/compiler/bin/../lib/gcc/arm-none-eabi/7.3.1/../../../../arm-none-eabi/lib/thumb/v6-m/libc.a(lib_a-lock.o)
 .text.__retarget_lock_try_acquire
                0x0000000000000000        0x4 /home/felix/Workbench/1/plugins/fr.ac6.mcu.externaltools.arm-none.linux64_1.17.0.201812190825/tools/compiler/bin/../lib/gcc/arm-none-eabi/7.3.1/../../../../arm-none-eabi/lib/thumb/v6-m/libc.a(lib_a-lock.o)
 .text.__retarget_lock_try_acquire_recursive
                0x0000000000000000        0x4 /home/felix/Workbench/1/plugins/fr.ac6.mcu.externaltools.arm-none.linux64_1.17.0.201812190825/tools/compiler/bin/../lib/gcc/arm-none-eabi/7.3.1/../../../../arm-none-eabi/lib/thumb/v6-m/libc.a(lib_a-lock.o)
 .text.__retarget_lock_release
                0x0000000000000000        0x4 /home/felix/Workbench/1/plugins/fr.ac6.mcu.externaltools.arm-none.linux64_1.17.0.201812190825/tools/compiler/bin/../lib/gcc/arm-none-eabi/7.3.1/../../../../arm-none-eabi/lib/thumb/v6-m/libc.a(lib_a-lock.o)
 .text          0x0000000000000000        0x0 /home/felix/Workbench/1/plugins/fr.ac6.mcu.externaltools.arm-none.linux64_1.17.0.201812190825/tools/compiler/bin/../lib/gcc/arm-none-eabi/7.3.1/../../../../arm-none-eabi/lib/thumb/v6-m/libc.a(lib_a-__atexit.o)
 .data          0x0000000000000000        0x0 /home/felix/Workbench/1/plugins/fr.ac6.mcu.externaltools.arm-none.linux64_1.17.0.201812190825/tools/compiler/bin/../lib/gcc/arm-none-eabi/7.3.1/../../../../arm-none-eabi/lib/thumb/v6-m/libc.a(lib_a-__atexit.o)
 .bss           0x0000000000000000        0x0 /home/felix/Workbench/1/plugins/fr.ac6.mcu.externaltools.arm-none.linux64_1.17.0.201812190825/tools/compiler/bin/../lib/gcc/arm-none-eabi/7.3.1/../../../../arm-none-eabi/lib/thumb/v6-m/libc.a(lib_a-__atexit.o)
 .text          0x0000000000000000        0x0 /home/felix/Workbench/1/plugins/fr.ac6.mcu.externaltools.arm-none.linux64_1.17.0.201812190825/tools/compiler/bin/../lib/gcc/arm-none-eabi/7.3.1/thumb/v6-m/crtend.o
 .data          0x0000000000000000        0x0 /home/felix/Workbench/1/plugins/fr.ac6.mcu.externaltools.arm-none.linux64_1.17.0.201812190825/tools/compiler/bin/../lib/gcc/arm-none-eabi/7.3.1/thumb/v6-m/crtend.o
 .bss           0x0000000000000000        0x0 /home/felix/Workbench/1/plugins/fr.ac6.mcu.externaltools.arm-none.linux64_1.17.0.201812190825/tools/compiler/bin/../lib/gcc/arm-none-eabi/7.3.1/thumb/v6-m/crtend.o
 .eh_frame      0x0000000000000000        0x4 /home/felix/Workbench/1/plugins/fr.ac6.mcu.externaltools.arm-none.linux64_1.17.0.201812190825/tools/compiler/bin/../lib/gcc/arm-none-eabi/7.3.1/thumb/v6-m/crtend.o
 .ARM.attributes
                0x0000000000000000       0x2c /home/felix/Workbench/1/plugins/fr.ac6.mcu.externaltools.arm-none.linux64_1.17.0.201812190825/tools/compiler/bin/../lib/gcc/arm-none-eabi/7.3.1/thumb/v6-m/crtend.o
 .text          0x0000000000000000        0x0 /home/felix/Workbench/1/plugins/fr.ac6.mcu.externaltools.arm-none.linux64_1.17.0.201812190825/tools/compiler/bin/../lib/gcc/arm-none-eabi/7.3.1/thumb/v6-m/crtn.o
 .data          0x0000000000000000        0x0 /home/felix/Workbench/1/plugins/fr.ac6.mcu.externaltools.arm-none.linux64_1.17.0.201812190825/tools/compiler/bin/../lib/gcc/arm-none-eabi/7.3.1/thumb/v6-m/crtn.o
 .bss           0x0000000000000000        0x0 /home/felix/Workbench/1/plugins/fr.ac6.mcu.externaltools.arm-none.linux64_1.17.0.201812190825/tools/compiler/bin/../lib/gcc/arm-none-eabi/7.3.1/thumb/v6-m/crtn.o

Memory Configuration

Name             Origin             Length             Attributes
FLASH            0x0000000008000000 0x0000000000030000 xr
RAM              0x0000000020000000 0x0000000000005000 xrw
*default*        0x0000000000000000 0xffffffffffffffff

Linker script and memory map

LOAD /home/felix/Workbench/1/plugins/fr.ac6.mcu.externaltools.arm-none.linux64_1.17.0.201812190825/tools/compiler/bin/../lib/gcc/arm-none-eabi/7.3.1/thumb/v6-m/crti.o
LOAD /home/felix/Workbench/1/plugins/fr.ac6.mcu.externaltools.arm-none.linux64_1.17.0.201812190825/tools/compiler/bin/../lib/gcc/arm-none-eabi/7.3.1/thumb/v6-m/crtbegin.o
LOAD /home/felix/Workbench/1/plugins/fr.ac6.mcu.externaltools.arm-none.linux64_1.17.0.201812190825/tools/compiler/bin/../lib/gcc/arm-none-eabi/7.3.1/../../../../arm-none-eabi/lib/thumb/v6-m/crt0.o
LOAD src/clock.o
LOAD src/i2c.o
LOAD src/lcd.o
LOAD src/main.o
LOAD src/systick.o
LOAD startup/startup_stm32l073xx.o
LOAD startup/system_stm32l0xx.o
LOAD /home/felix/Workbench/workspace/nucleo-l073rz_hal_lib/Debug/libnucleo-l073rz_hal_lib.a
LOAD /home/felix/Workbench/1/plugins/fr.ac6.mcu.externaltools.arm-none.linux64_1.17.0.201812190825/tools/compiler/bin/../lib/gcc/arm-none-eabi/7.3.1/../../../../arm-none-eabi/lib/thumb/v6-m/libstdc++.a
LOAD /home/felix/Workbench/1/plugins/fr.ac6.mcu.externaltools.arm-none.linux64_1.17.0.201812190825/tools/compiler/bin/../lib/gcc/arm-none-eabi/7.3.1/../../../../arm-none-eabi/lib/thumb/v6-m/libm.a
START GROUP
LOAD /home/felix/Workbench/1/plugins/fr.ac6.mcu.externaltools.arm-none.linux64_1.17.0.201812190825/tools/compiler/bin/../lib/gcc/arm-none-eabi/7.3.1/thumb/v6-m/libgcc.a
LOAD /home/felix/Workbench/1/plugins/fr.ac6.mcu.externaltools.arm-none.linux64_1.17.0.201812190825/tools/compiler/bin/../lib/gcc/arm-none-eabi/7.3.1/../../../../arm-none-eabi/lib/thumb/v6-m/libc.a
END GROUP
LOAD /home/felix/Workbench/1/plugins/fr.ac6.mcu.externaltools.arm-none.linux64_1.17.0.201812190825/tools/compiler/bin/../lib/gcc/arm-none-eabi/7.3.1/thumb/v6-m/crtend.o
LOAD /home/felix/Workbench/1/plugins/fr.ac6.mcu.externaltools.arm-none.linux64_1.17.0.201812190825/tools/compiler/bin/../lib/gcc/arm-none-eabi/7.3.1/thumb/v6-m/crtn.o
                0x0000000020005000                _estack = 0x20005000
                0x0000000000000200                _Min_Heap_Size = 0x200
                0x0000000000000400                _Min_Stack_Size = 0x400

.isr_vector     0x0000000008000000       0xc0
                0x0000000008000000                . = ALIGN (0x4)
 *(.isr_vector)
 .isr_vector    0x0000000008000000       0xc0 startup/startup_stm32l073xx.o
                0x0000000008000000                g_pfnVectors
                0x00000000080000c0                . = ALIGN (0x4)

.text           0x00000000080000c0      0x878
                0x00000000080000c0                . = ALIGN (0x4)
 *(.text)
 .text          0x00000000080000c0       0x48 /home/felix/Workbench/1/plugins/fr.ac6.mcu.externaltools.arm-none.linux64_1.17.0.201812190825/tools/compiler/bin/../lib/gcc/arm-none-eabi/7.3.1/thumb/v6-m/crtbegin.o
 .text          0x0000000008000108      0x114 /home/felix/Workbench/1/plugins/fr.ac6.mcu.externaltools.arm-none.linux64_1.17.0.201812190825/tools/compiler/bin/../lib/gcc/arm-none-eabi/7.3.1/thumb/v6-m/libgcc.a(_udivsi3.o)
                0x0000000008000108                __udivsi3
                0x0000000008000108                __aeabi_uidiv
                0x0000000008000214                __aeabi_uidivmod
 .text          0x000000000800021c        0x4 /home/felix/Workbench/1/plugins/fr.ac6.mcu.externaltools.arm-none.linux64_1.17.0.201812190825/tools/compiler/bin/../lib/gcc/arm-none-eabi/7.3.1/thumb/v6-m/libgcc.a(_dvmd_tls.o)
                0x000000000800021c                __aeabi_ldiv0
                0x000000000800021c                __aeabi_idiv0
 *(.text*)
 .text.clock_setup_16MHz
                0x0000000008000220       0x68 src/clock.o
                0x0000000008000220                clock_setup_16MHz
 .text.i2c_setup
                0x0000000008000288       0x78 src/i2c.o
                0x0000000008000288                i2c_setup
 .text.i2c_transfer
                0x0000000008000300      0x130 src/i2c.o
                0x0000000008000300                i2c_transfer
 .text.lcd_write
                0x0000000008000430       0x24 src/lcd.o
 .text.lcd_instruction
                0x0000000008000454        0xa src/lcd.o
 .text.lcd_write_data
                0x000000000800045e        0xa src/lcd.o
 .text.lcd_init
                0x0000000008000468       0x2e src/lcd.o
                0x0000000008000468                lcd_init
 *fill*         0x0000000008000496        0x2 
 .text.lcd_clear_display
                0x0000000008000498       0x1c src/lcd.o
                0x0000000008000498                lcd_clear_display
 .text.lcd_print_char
                0x00000000080004b4       0x48 src/lcd.o
                0x00000000080004b4                lcd_print_char
 .text.lcd_print_string
                0x00000000080004fc       0x18 src/lcd.o
                0x00000000080004fc                lcd_print_string
 .text.main     0x0000000008000514       0x40 src/main.o
                0x0000000008000514                main
 .text.us_count
                0x0000000008000554       0x28 src/systick.o
 .text.SysTick_Handler
                0x000000000800057c       0x10 src/systick.o
                0x000000000800057c                SysTick_Handler
 .text.systick_setup
                0x000000000800058c       0x2c src/systick.o
                0x000000000800058c                systick_setup
 .text.delay_ms
                0x00000000080005b8       0x14 src/systick.o
                0x00000000080005b8                delay_ms
 .text.delay_us
                0x00000000080005cc       0x16 src/systick.o
                0x00000000080005cc                delay_us
 *fill*         0x00000000080005e2        0x2 
 .text.Reset_Handler
                0x00000000080005e4       0x50 startup/startup_stm32l073xx.o
                0x00000000080005e4                Reset_Handler
 .text.Default_Handler
                0x0000000008000634        0x2 startup/startup_stm32l073xx.o
                0x0000000008000634                TSC_IRQHandler
                0x0000000008000634                HardFault_Handler
                0x0000000008000634                ADC1_COMP_IRQHandler
                0x0000000008000634                PVD_IRQHandler
                0x0000000008000634                PendSV_Handler
                0x0000000008000634                NMI_Handler
                0x0000000008000634                I2C1_IRQHandler
                0x0000000008000634                RCC_CRS_IRQHandler
                0x0000000008000634                SPI1_IRQHandler
                0x0000000008000634                TIM6_DAC_IRQHandler
                0x0000000008000634                EXTI2_3_IRQHandler
                0x0000000008000634                I2C2_IRQHandler
                0x0000000008000634                RTC_IRQHandler
                0x0000000008000634                LCD_IRQHandler
                0x0000000008000634                DMA1_Channel4_5_6_7_IRQHandler
                0x0000000008000634                TIM3_IRQHandler
                0x0000000008000634                EXTI4_15_IRQHandler
                0x0000000008000634                DMA1_Channel1_IRQHandler
                0x0000000008000634                USART4_5_IRQHandler
                0x0000000008000634                Default_Handler
                0x0000000008000634                TIM22_IRQHandler
                0x0000000008000634                TIM7_IRQHandler
                0x0000000008000634                EXTI0_1_IRQHandler
                0x0000000008000634                USB_IRQHandler
                0x0000000008000634                I2C3_IRQHandler
                0x0000000008000634                SPI2_IRQHandler
                0x0000000008000634                SVC_Handler
                0x0000000008000634                TIM21_IRQHandler
                0x0000000008000634                WWDG_IRQHandler
                0x0000000008000634                TIM2_IRQHandler
                0x0000000008000634                DMA1_Channel2_3_IRQHandler
                0x0000000008000634                USART2_IRQHandler
                0x0000000008000634                FLASH_IRQHandler
                0x0000000008000634                USART1_IRQHandler
                0x0000000008000634                RNG_LPUART1_IRQHandler
                0x0000000008000634                LPTIM1_IRQHandler
 *fill*         0x0000000008000636        0x2 
 .text.SystemInit
                0x0000000008000638       0x5c startup/system_stm32l0xx.o
                0x0000000008000638                SystemInit
 .text.SystemCoreClockUpdate
                0x0000000008000694       0xec startup/system_stm32l0xx.o
                0x0000000008000694                SystemCoreClockUpdate
 .text.__libc_init_array
                0x0000000008000780       0x48 /home/felix/Workbench/1/plugins/fr.ac6.mcu.externaltools.arm-none.linux64_1.17.0.201812190825/tools/compiler/bin/../lib/gcc/arm-none-eabi/7.3.1/../../../../arm-none-eabi/lib/thumb/v6-m/libc.a(lib_a-init.o)
                0x0000000008000780                __libc_init_array
 .text.startup.register_fini
                0x00000000080007c8       0x18 /home/felix/Workbench/1/plugins/fr.ac6.mcu.externaltools.arm-none.linux64_1.17.0.201812190825/tools/compiler/bin/../lib/gcc/arm-none-eabi/7.3.1/../../../../arm-none-eabi/lib/thumb/v6-m/libc.a(lib_a-__call_atexit.o)
 .text.atexit   0x00000000080007e0       0x10 /home/felix/Workbench/1/plugins/fr.ac6.mcu.externaltools.arm-none.linux64_1.17.0.201812190825/tools/compiler/bin/../lib/gcc/arm-none-eabi/7.3.1/../../../../arm-none-eabi/lib/thumb/v6-m/libc.a(lib_a-atexit.o)
                0x00000000080007e0                atexit
 .text.__libc_fini_array
                0x00000000080007f0       0x34 /home/felix/Workbench/1/plugins/fr.ac6.mcu.externaltools.arm-none.linux64_1.17.0.201812190825/tools/compiler/bin/../lib/gcc/arm-none-eabi/7.3.1/../../../../arm-none-eabi/lib/thumb/v6-m/libc.a(lib_a-fini.o)
                0x00000000080007f0                __libc_fini_array
 .text.__retarget_lock_acquire_recursive
                0x0000000008000824        0x4 /home/felix/Workbench/1/plugins/fr.ac6.mcu.externaltools.arm-none.linux64_1.17.0.201812190825/tools/compiler/bin/../lib/gcc/arm-none-eabi/7.3.1/../../../../arm-none-eabi/lib/thumb/v6-m/libc.a(lib_a-lock.o)
                0x0000000008000824                __retarget_lock_acquire_recursive
 .text.__retarget_lock_release_recursive
                0x0000000008000828        0x4 /home/felix/Workbench/1/plugins/fr.ac6.mcu.externaltools.arm-none.linux64_1.17.0.201812190825/tools/compiler/bin/../lib/gcc/arm-none-eabi/7.3.1/../../../../arm-none-eabi/lib/thumb/v6-m/libc.a(lib_a-lock.o)
                0x0000000008000828                __retarget_lock_release_recursive
 .text.__register_exitproc
                0x000000000800082c       0xf4 /home/felix/Workbench/1/plugins/fr.ac6.mcu.externaltools.arm-none.linux64_1.17.0.201812190825/tools/compiler/bin/../lib/gcc/arm-none-eabi/7.3.1/../../../../arm-none-eabi/lib/thumb/v6-m/libc.a(lib_a-__atexit.o)
                0x000000000800082c                __register_exitproc
 *(.glue_7)
 .glue_7        0x0000000008000920        0x0 linker stubs
 *(.glue_7t)
 .glue_7t       0x0000000008000920        0x0 linker stubs
 *(.eh_frame)
 .eh_frame      0x0000000008000920        0x0 /home/felix/Workbench/1/plugins/fr.ac6.mcu.externaltools.arm-none.linux64_1.17.0.201812190825/tools/compiler/bin/../lib/gcc/arm-none-eabi/7.3.1/thumb/v6-m/crtbegin.o
 *(.init)
 .init          0x0000000008000920        0x4 /home/felix/Workbench/1/plugins/fr.ac6.mcu.externaltools.arm-none.linux64_1.17.0.201812190825/tools/compiler/bin/../lib/gcc/arm-none-eabi/7.3.1/thumb/v6-m/crti.o
                0x0000000008000920                _init
 .init          0x0000000008000924        0x8 /home/felix/Workbench/1/plugins/fr.ac6.mcu.externaltools.arm-none.linux64_1.17.0.201812190825/tools/compiler/bin/../lib/gcc/arm-none-eabi/7.3.1/thumb/v6-m/crtn.o
 *(.fini)
 .fini          0x000000000800092c        0x4 /home/felix/Workbench/1/plugins/fr.ac6.mcu.externaltools.arm-none.linux64_1.17.0.201812190825/tools/compiler/bin/../lib/gcc/arm-none-eabi/7.3.1/thumb/v6-m/crti.o
                0x000000000800092c                _fini
 .fini          0x0000000008000930        0x8 /home/felix/Workbench/1/plugins/fr.ac6.mcu.externaltools.arm-none.linux64_1.17.0.201812190825/tools/compiler/bin/../lib/gcc/arm-none-eabi/7.3.1/thumb/v6-m/crtn.o
                0x0000000008000938                . = ALIGN (0x4)
                0x0000000008000938                _etext = .

.vfp11_veneer   0x0000000008000938        0x0
 .vfp11_veneer  0x0000000008000938        0x0 linker stubs

.v4_bx          0x0000000008000938        0x0
 .v4_bx         0x0000000008000938        0x0 linker stubs

.iplt           0x0000000008000938        0x0
 .iplt          0x0000000008000938        0x0 /home/felix/Workbench/1/plugins/fr.ac6.mcu.externaltools.arm-none.linux64_1.17.0.201812190825/tools/compiler/bin/../lib/gcc/arm-none-eabi/7.3.1/thumb/v6-m/crtbegin.o

.rodata         0x0000000008000938       0x70
                0x0000000008000938                . = ALIGN (0x4)
 *(.rodata)
 .rodata        0x0000000008000938       0x24 startup/system_stm32l0xx.o
                0x0000000008000938                PLLMulTable
                0x0000000008000944                AHBPrescTable
                0x0000000008000954                APBPrescTable
 *(.rodata*)
 .rodata.str1.4
                0x000000000800095c       0x48 src/main.o
                                         0x45 (size before relaxing)
 .rodata._global_impure_ptr
                0x00000000080009a4        0x4 /home/felix/Workbench/1/plugins/fr.ac6.mcu.externaltools.arm-none.linux64_1.17.0.201812190825/tools/compiler/bin/../lib/gcc/arm-none-eabi/7.3.1/../../../../arm-none-eabi/lib/thumb/v6-m/libc.a(lib_a-impure.o)
                0x00000000080009a4                _global_impure_ptr
                0x00000000080009a8                . = ALIGN (0x4)

.rel.dyn        0x00000000080009a8        0x0
 .rel.iplt      0x00000000080009a8        0x0 /home/felix/Workbench/1/plugins/fr.ac6.mcu.externaltools.arm-none.linux64_1.17.0.201812190825/tools/compiler/bin/../lib/gcc/arm-none-eabi/7.3.1/thumb/v6-m/crtbegin.o

.ARM.extab
 *(.ARM.extab* .gnu.linkonce.armextab.*)

.ARM            0x00000000080009a8        0x0
                0x00000000080009a8                __exidx_start = .
 *(.ARM.exidx*)
                0x00000000080009a8                __exidx_end = .

.preinit_array  0x00000000080009a8        0x0
                0x00000000080009a8                PROVIDE (__preinit_array_start = .)
 *(.preinit_array*)
                0x00000000080009a8                PROVIDE (__preinit_array_end = .)

.init_array     0x00000000080009a8        0x8
                0x00000000080009a8                PROVIDE (__init_array_start = .)
 *(SORT_BY_NAME(.init_array.*))
 .init_array.00000
                0x00000000080009a8        0x4 /home/felix/Workbench/1/plugins/fr.ac6.mcu.externaltools.arm-none.linux64_1.17.0.201812190825/tools/compiler/bin/../lib/gcc/arm-none-eabi/7.3.1/../../../../arm-none-eabi/lib/thumb/v6-m/libc.a(lib_a-__call_atexit.o)
 *(.init_array*)
 .init_array    0x00000000080009ac        0x4 /home/felix/Workbench/1/plugins/fr.ac6.mcu.externaltools.arm-none.linux64_1.17.0.201812190825/tools/compiler/bin/../lib/gcc/arm-none-eabi/7.3.1/thumb/v6-m/crtbegin.o
                0x00000000080009b0                PROVIDE (__init_array_end = .)

.fini_array     0x00000000080009b0        0x4
                0x00000000080009b0                PROVIDE (__fini_array_start = .)
 *(SORT_BY_NAME(.fini_array.*))
 *(.fini_array*)
 .fini_array    0x00000000080009b0        0x4 /home/felix/Workbench/1/plugins/fr.ac6.mcu.externaltools.arm-none.linux64_1.17.0.201812190825/tools/compiler/bin/../lib/gcc/arm-none-eabi/7.3.1/thumb/v6-m/crtbegin.o
                0x00000000080009b4                PROVIDE (__fini_array_end = .)
                0x00000000080009b4                _sidata = LOADADDR (.data)

.data           0x0000000020000000      0x434 load address 0x00000000080009b4
                0x0000000020000000                . = ALIGN (0x4)
                0x0000000020000000                _sdata = .
 *(.data)
 .data          0x0000000020000000        0x4 startup/system_stm32l0xx.o
                0x0000000020000000                SystemCoreClock
 *(.data*)
 *fill*         0x0000000020000004        0x4 
 .data.impure_data
                0x0000000020000008      0x428 /home/felix/Workbench/1/plugins/fr.ac6.mcu.externaltools.arm-none.linux64_1.17.0.201812190825/tools/compiler/bin/../lib/gcc/arm-none-eabi/7.3.1/../../../../arm-none-eabi/lib/thumb/v6-m/libc.a(lib_a-impure.o)
 .data.__atexit_recursive_mutex
                0x0000000020000430        0x4 /home/felix/Workbench/1/plugins/fr.ac6.mcu.externaltools.arm-none.linux64_1.17.0.201812190825/tools/compiler/bin/../lib/gcc/arm-none-eabi/7.3.1/../../../../arm-none-eabi/lib/thumb/v6-m/libc.a(lib_a-__call_atexit.o)
                0x0000000020000430                __atexit_recursive_mutex
                0x0000000020000434                . = ALIGN (0x4)
                0x0000000020000434                _edata = .

.igot.plt       0x0000000020000434        0x0 load address 0x0000000008000de8
 .igot.plt      0x0000000020000434        0x0 /home/felix/Workbench/1/plugins/fr.ac6.mcu.externaltools.arm-none.linux64_1.17.0.201812190825/tools/compiler/bin/../lib/gcc/arm-none-eabi/7.3.1/thumb/v6-m/crtbegin.o
                0x0000000020000434                . = ALIGN (0x4)

.bss            0x0000000020000434       0x48 load address 0x0000000008000de8
                0x0000000020000434                _sbss = .
                0x0000000020000434                __bss_start__ = _sbss
 *(.bss)
 .bss           0x0000000020000434       0x1c /home/felix/Workbench/1/plugins/fr.ac6.mcu.externaltools.arm-none.linux64_1.17.0.201812190825/tools/compiler/bin/../lib/gcc/arm-none-eabi/7.3.1/thumb/v6-m/crtbegin.o
 .bss           0x0000000020000450        0x1 src/lcd.o
 *fill*         0x0000000020000451        0x3 
 .bss           0x0000000020000454        0x4 src/systick.o
 *(.bss*)
 *(COMMON)
 COMMON         0x0000000020000458       0x21 /home/felix/Workbench/1/plugins/fr.ac6.mcu.externaltools.arm-none.linux64_1.17.0.201812190825/tools/compiler/bin/../lib/gcc/arm-none-eabi/7.3.1/../../../../arm-none-eabi/lib/thumb/v6-m/libc.a(lib_a-lock.o)
                0x0000000020000458                __lock___atexit_recursive_mutex
                0x000000002000045c                __lock___arc4random_mutex
                0x0000000020000460                __lock___env_recursive_mutex
                0x0000000020000464                __lock___sinit_recursive_mutex
                0x0000000020000468                __lock___malloc_recursive_mutex
                0x000000002000046c                __lock___at_quick_exit_mutex
                0x0000000020000470                __lock___dd_hash_mutex
                0x0000000020000474                __lock___tz_mutex
                0x0000000020000478                __lock___sfp_recursive_mutex
                0x000000002000047c                . = ALIGN (0x4)
 *fill*         0x0000000020000479        0x3 
                0x000000002000047c                _ebss = .
                0x000000002000047c                __bss_end__ = _ebss

._user_heap_stack
                0x000000002000047c      0x604 load address 0x0000000008000de8
                0x0000000020000480                . = ALIGN (0x8)
 *fill*         0x000000002000047c        0x4 
                [!provide]                        PROVIDE (end = .)
                [!provide]                        PROVIDE (_end = .)
                0x0000000020000680                . = (. + _Min_Heap_Size)
 *fill*         0x0000000020000480      0x200 
                0x0000000020000a80                . = (. + _Min_Stack_Size)
 *fill*         0x0000000020000680      0x400 
                0x0000000020000a80                . = ALIGN (0x8)

/DISCARD/
 libc.a(*)
 libm.a(*)
 libgcc.a(*)

.ARM.attributes
                0x0000000000000000       0x28
 *(.ARM.attributes)
 .ARM.attributes
                0x0000000000000000       0x1e /home/felix/Workbench/1/plugins/fr.ac6.mcu.externaltools.arm-none.linux64_1.17.0.201812190825/tools/compiler/bin/../lib/gcc/arm-none-eabi/7.3.1/thumb/v6-m/crti.o
 .ARM.attributes
                0x000000000000001e       0x2c /home/felix/Workbench/1/plugins/fr.ac6.mcu.externaltools.arm-none.linux64_1.17.0.201812190825/tools/compiler/bin/../lib/gcc/arm-none-eabi/7.3.1/thumb/v6-m/crtbegin.o
 .ARM.attributes
                0x000000000000004a       0x32 src/clock.o
 .ARM.attributes
                0x000000000000007c       0x32 src/i2c.o
 .ARM.attributes
                0x00000000000000ae       0x32 src/lcd.o
 .ARM.attributes
                0x00000000000000e0       0x32 src/main.o
 .ARM.attributes
                0x0000000000000112       0x32 src/systick.o
 .ARM.attributes
                0x0000000000000144       0x22 startup/startup_stm32l073xx.o
 .ARM.attributes
                0x0000000000000166       0x32 startup/system_stm32l0xx.o
 .ARM.attributes
                0x0000000000000198       0x1e /home/felix/Workbench/1/plugins/fr.ac6.mcu.externaltools.arm-none.linux64_1.17.0.201812190825/tools/compiler/bin/../lib/gcc/arm-none-eabi/7.3.1/thumb/v6-m/libgcc.a(_udivsi3.o)
 .ARM.attributes
                0x00000000000001b6       0x1e /home/felix/Workbench/1/plugins/fr.ac6.mcu.externaltools.arm-none.linux64_1.17.0.201812190825/tools/compiler/bin/../lib/gcc/arm-none-eabi/7.3.1/thumb/v6-m/libgcc.a(_dvmd_tls.o)
 .ARM.attributes
                0x00000000000001d4       0x2c /home/felix/Workbench/1/plugins/fr.ac6.mcu.externaltools.arm-none.linux64_1.17.0.201812190825/tools/compiler/bin/../lib/gcc/arm-none-eabi/7.3.1/../../../../arm-none-eabi/lib/thumb/v6-m/libc.a(lib_a-impure.o)
 .ARM.attributes
                0x0000000000000200       0x2c /home/felix/Workbench/1/plugins/fr.ac6.mcu.externaltools.arm-none.linux64_1.17.0.201812190825/tools/compiler/bin/../lib/gcc/arm-none-eabi/7.3.1/../../../../arm-none-eabi/lib/thumb/v6-m/libc.a(lib_a-init.o)
 .ARM.attributes
                0x000000000000022c       0x2c /home/felix/Workbench/1/plugins/fr.ac6.mcu.externaltools.arm-none.linux64_1.17.0.201812190825/tools/compiler/bin/../lib/gcc/arm-none-eabi/7.3.1/../../../../arm-none-eabi/lib/thumb/v6-m/libc.a(lib_a-__call_atexit.o)
 .ARM.attributes
                0x0000000000000258       0x2c /home/felix/Workbench/1/plugins/fr.ac6.mcu.externaltools.arm-none.linux64_1.17.0.201812190825/tools/compiler/bin/../lib/gcc/arm-none-eabi/7.3.1/../../../../arm-none-eabi/lib/thumb/v6-m/libc.a(lib_a-atexit.o)
 .ARM.attributes
                0x0000000000000284       0x2c /home/felix/Workbench/1/plugins/fr.ac6.mcu.externaltools.arm-none.linux64_1.17.0.201812190825/tools/compiler/bin/../lib/gcc/arm-none-eabi/7.3.1/../../../../arm-none-eabi/lib/thumb/v6-m/libc.a(lib_a-fini.o)
 .ARM.attributes
                0x00000000000002b0       0x2c /home/felix/Workbench/1/plugins/fr.ac6.mcu.externaltools.arm-none.linux64_1.17.0.201812190825/tools/compiler/bin/../lib/gcc/arm-none-eabi/7.3.1/../../../../arm-none-eabi/lib/thumb/v6-m/libc.a(lib_a-lock.o)
 .ARM.attributes
                0x00000000000002dc       0x2c /home/felix/Workbench/1/plugins/fr.ac6.mcu.externaltools.arm-none.linux64_1.17.0.201812190825/tools/compiler/bin/../lib/gcc/arm-none-eabi/7.3.1/../../../../arm-none-eabi/lib/thumb/v6-m/libc.a(lib_a-__atexit.o)
 .ARM.attributes
                0x0000000000000308       0x1e /home/felix/Workbench/1/plugins/fr.ac6.mcu.externaltools.arm-none.linux64_1.17.0.201812190825/tools/compiler/bin/../lib/gcc/arm-none-eabi/7.3.1/thumb/v6-m/crtn.o
OUTPUT(es2020.elf elf32-littlearm)

.debug_info     0x0000000000000000     0x162c
 .debug_info    0x0000000000000000      0x349 src/clock.o
 .debug_info    0x0000000000000349      0x449 src/i2c.o
 .debug_info    0x0000000000000792      0x387 src/lcd.o
 .debug_info    0x0000000000000b19      0x212 src/main.o
 .debug_info    0x0000000000000d2b      0x551 src/systick.o
 .debug_info    0x000000000000127c       0x22 startup/startup_stm32l073xx.o
 .debug_info    0x000000000000129e      0x38e startup/system_stm32l0xx.o

.debug_abbrev   0x0000000000000000      0x6fb
 .debug_abbrev  0x0000000000000000       0xd9 src/clock.o
 .debug_abbrev  0x00000000000000d9      0x127 src/i2c.o
 .debug_abbrev  0x0000000000000200      0x10a src/lcd.o
 .debug_abbrev  0x000000000000030a       0xe3 src/main.o
 .debug_abbrev  0x00000000000003ed      0x1eb src/systick.o
 .debug_abbrev  0x00000000000005d8       0x12 startup/startup_stm32l073xx.o
 .debug_abbrev  0x00000000000005ea      0x111 startup/system_stm32l0xx.o

.debug_aranges  0x0000000000000000      0x158
 .debug_aranges
                0x0000000000000000       0x20 src/clock.o
 .debug_aranges
                0x0000000000000020       0x28 src/i2c.o
 .debug_aranges
                0x0000000000000048       0x60 src/lcd.o
 .debug_aranges
                0x00000000000000a8       0x20 src/main.o
 .debug_aranges
                0x00000000000000c8       0x40 src/systick.o
 .debug_aranges
                0x0000000000000108       0x28 startup/startup_stm32l073xx.o
 .debug_aranges
                0x0000000000000130       0x28 startup/system_stm32l0xx.o

.debug_ranges   0x0000000000000000       0xf0
 .debug_ranges  0x0000000000000000       0x10 src/clock.o
 .debug_ranges  0x0000000000000010       0x18 src/i2c.o
 .debug_ranges  0x0000000000000028       0x50 src/lcd.o
 .debug_ranges  0x0000000000000078       0x10 src/main.o
 .debug_ranges  0x0000000000000088       0x30 src/systick.o
 .debug_ranges  0x00000000000000b8       0x20 startup/startup_stm32l073xx.o
 .debug_ranges  0x00000000000000d8       0x18 startup/system_stm32l0xx.o

.debug_macro    0x0000000000000000    0x163fc
 .debug_macro   0x0000000000000000       0xb8 src/clock.o
 .debug_macro   0x00000000000000b8      0xa5a src/clock.o
 .debug_macro   0x0000000000000b12       0x28 src/clock.o
 .debug_macro   0x0000000000000b3a       0x22 src/clock.o
 .debug_macro   0x0000000000000b5c       0x56 src/clock.o
 .debug_macro   0x0000000000000bb2       0x51 src/clock.o
 .debug_macro   0x0000000000000c03       0xef src/clock.o
 .debug_macro   0x0000000000000cf2       0x6a src/clock.o
 .debug_macro   0x0000000000000d5c      0x1df src/clock.o
 .debug_macro   0x0000000000000f3b       0x34 src/clock.o
 .debug_macro   0x0000000000000f6f       0x26 src/clock.o
 .debug_macro   0x0000000000000f95      0x44f src/clock.o
 .debug_macro   0x00000000000013e4     0xa43e src/clock.o
 .debug_macro   0x000000000000b822      0x2f8 src/i2c.o
 .debug_macro   0x000000000000bb1a       0x22 src/i2c.o
 .debug_macro   0x000000000000bb3c       0x28 src/i2c.o
 .debug_macro   0x000000000000bb64       0x3a src/i2c.o
 .debug_macro   0x000000000000bb9e       0x3c src/i2c.o
 .debug_macro   0x000000000000bbda      0x11b src/i2c.o
 .debug_macro   0x000000000000bcf5     0x352c src/i2c.o
 .debug_macro   0x000000000000f221      0x16d src/i2c.o
 .debug_macro   0x000000000000f38e       0x5b src/i2c.o
 .debug_macro   0x000000000000f3e9      0x8e4 src/i2c.o
 .debug_macro   0x000000000000fccd      0xbb4 src/i2c.o
 .debug_macro   0x0000000000010881      0x13f src/i2c.o
 .debug_macro   0x00000000000109c0      0x1d1 src/i2c.o
 .debug_macro   0x0000000000010b91      0x28e src/i2c.o
 .debug_macro   0x0000000000010e1f      0x1e9 src/i2c.o
 .debug_macro   0x0000000000011008      0x4ef src/i2c.o
 .debug_macro   0x00000000000114f7       0x6b src/i2c.o
 .debug_macro   0x0000000000011562      0x24e src/i2c.o
 .debug_macro   0x00000000000117b0       0xd5 src/i2c.o
 .debug_macro   0x0000000000011885       0x4c src/i2c.o
 .debug_macro   0x00000000000118d1      0x122 src/i2c.o
 .debug_macro   0x00000000000119f3       0xa0 src/i2c.o
 .debug_macro   0x0000000000011a93      0x13e src/i2c.o
 .debug_macro   0x0000000000011bd1      0x4b5 src/i2c.o
 .debug_macro   0x0000000000012086      0x22c src/i2c.o
 .debug_macro   0x00000000000122b2       0x5b src/i2c.o
 .debug_macro   0x000000000001230d       0xa5 src/i2c.o
 .debug_macro   0x00000000000123b2      0x1a0 src/i2c.o
 .debug_macro   0x0000000000012552       0x85 src/i2c.o
 .debug_macro   0x00000000000125d7      0x3f4 src/i2c.o
 .debug_macro   0x00000000000129cb      0x25c src/i2c.o
 .debug_macro   0x0000000000012c27      0x18d src/i2c.o
 .debug_macro   0x0000000000012db4       0x16 src/i2c.o
 .debug_macro   0x0000000000012dca       0x8f src/i2c.o
 .debug_macro   0x0000000000012e59      0x30c src/i2c.o
 .debug_macro   0x0000000000013165      0x418 src/i2c.o
 .debug_macro   0x000000000001357d       0xdd src/i2c.o
 .debug_macro   0x000000000001365a      0x22c src/i2c.o
 .debug_macro   0x0000000000013886      0x734 src/i2c.o
 .debug_macro   0x0000000000013fba       0xfc src/i2c.o
 .debug_macro   0x00000000000140b6      0x3d0 src/i2c.o
 .debug_macro   0x0000000000014486      0x57b src/i2c.o
 .debug_macro   0x0000000000014a01       0x44 src/i2c.o
 .debug_macro   0x0000000000014a45      0x279 src/i2c.o
 .debug_macro   0x0000000000014cbe       0x30 src/i2c.o
 .debug_macro   0x0000000000014cee      0x2b8 src/i2c.o
 .debug_macro   0x0000000000014fa6       0x30 src/i2c.o
 .debug_macro   0x0000000000014fd6      0x2bf src/i2c.o
 .debug_macro   0x0000000000015295      0x11d src/i2c.o
 .debug_macro   0x00000000000153b2      0x353 src/i2c.o
 .debug_macro   0x0000000000015705       0x8d src/i2c.o
 .debug_macro   0x0000000000015792       0x57 src/i2c.o
 .debug_macro   0x00000000000157e9      0x25e src/i2c.o
 .debug_macro   0x0000000000015a47      0x199 src/i2c.o
 .debug_macro   0x0000000000015be0      0x161 src/lcd.o
 .debug_macro   0x0000000000015d41       0xd9 src/main.o
 .debug_macro   0x0000000000015e1a      0x2f5 src/systick.o
 .debug_macro   0x000000000001610f      0x2ed startup/system_stm32l0xx.o

.debug_line     0x0000000000000000     0x2a43
 .debug_line    0x0000000000000000      0x405 src/clock.o
 .debug_line    0x0000000000000405      0xa09 src/i2c.o
 .debug_line    0x0000000000000e0e      0x403 src/lcd.o
 .debug_line    0x0000000000001211      0x438 src/main.o
 .debug_line    0x0000000000001649      0x9ed src/systick.o
 .debug_line    0x0000000000002036       0x83 startup/startup_stm32l073xx.o
 .debug_line    0x00000000000020b9      0x98a startup/system_stm32l0xx.o

.debug_str      0x0000000000000000    0x9ef2f
 .debug_str     0x0000000000000000    0x3e782 src/clock.o
                                      0x3e960 (size before relaxing)
 .debug_str     0x000000000003e782    0x600d1 src/i2c.o
                                      0x9eaa0 (size before relaxing)
 .debug_str     0x000000000009e853      0x39a src/lcd.o
                                       0x41d9 (size before relaxing)
 .debug_str     0x000000000009ebed       0x21 src/main.o
                                      0x3e8fc (size before relaxing)
 .debug_str     0x000000000009ec0e      0x292 src/systick.o
                                      0x9ec0f (size before relaxing)
 .debug_str     0x000000000009eea0       0x2f startup/startup_stm32l073xx.o
                                         0x5c (size before relaxing)
 .debug_str     0x000000000009eecf       0x60 startup/system_stm32l0xx.o
                                      0x9ea14 (size before relaxing)

.comment        0x0000000000000000       0x7f
 .comment       0x0000000000000000       0x7f src/clock.o
                                         0x80 (size before relaxing)
 .comment       0x000000000000007f       0x80 src/i2c.o
 .comment       0x000000000000007f       0x80 src/lcd.o
 .comment       0x000000000000007f       0x80 src/main.o
 .comment       0x000000000000007f       0x80 src/systick.o
 .comment       0x000000000000007f       0x80 startup/system_stm32l0xx.o

.debug_frame    0x0000000000000000      0x408
 .debug_frame   0x0000000000000000       0x28 src/clock.o
 .debug_frame   0x0000000000000028       0x4c src/i2c.o
 .debug_frame   0x0000000000000074       0xe8 src/lcd.o
 .debug_frame   0x000000000000015c       0x28 src/main.o
 .debug_frame   0x0000000000000184       0x6c src/systick.o
 .debug_frame   0x00000000000001f0       0x38 startup/system_stm32l0xx.o
 .debug_frame   0x0000000000000228       0x20 /home/felix/Workbench/1/plugins/fr.ac6.mcu.externaltools.arm-none.linux64_1.17.0.201812190825/tools/compiler/bin/../lib/gcc/arm-none-eabi/7.3.1/thumb/v6-m/libgcc.a(_udivsi3.o)
 .debug_frame   0x0000000000000248       0x2c /home/felix/Workbench/1/plugins/fr.ac6.mcu.externaltools.arm-none.linux64_1.17.0.201812190825/tools/compiler/bin/../lib/gcc/arm-none-eabi/7.3.1/../../../../arm-none-eabi/lib/thumb/v6-m/libc.a(lib_a-init.o)
 .debug_frame   0x0000000000000274       0x54 /home/felix/Workbench/1/plugins/fr.ac6.mcu.externaltools.arm-none.linux64_1.17.0.201812190825/tools/compiler/bin/../lib/gcc/arm-none-eabi/7.3.1/../../../../arm-none-eabi/lib/thumb/v6-m/libc.a(lib_a-__call_atexit.o)
 .debug_frame   0x00000000000002c8       0x28 /home/felix/Workbench/1/plugins/fr.ac6.mcu.externaltools.arm-none.linux64_1.17.0.201812190825/tools/compiler/bin/../lib/gcc/arm-none-eabi/7.3.1/../../../../arm-none-eabi/lib/thumb/v6-m/libc.a(lib_a-atexit.o)
 .debug_frame   0x00000000000002f0       0x2c /home/felix/Workbench/1/plugins/fr.ac6.mcu.externaltools.arm-none.linux64_1.17.0.201812190825/tools/compiler/bin/../lib/gcc/arm-none-eabi/7.3.1/../../../../arm-none-eabi/lib/thumb/v6-m/libc.a(lib_a-fini.o)
 .debug_frame   0x000000000000031c       0xb0 /home/felix/Workbench/1/plugins/fr.ac6.mcu.externaltools.arm-none.linux64_1.17.0.201812190825/tools/compiler/bin/../lib/gcc/arm-none-eabi/7.3.1/../../../../arm-none-eabi/lib/thumb/v6-m/libc.a(lib_a-lock.o)
 .debug_frame   0x00000000000003cc       0x3c /home/felix/Workbench/1/plugins/fr.ac6.mcu.externaltools.arm-none.linux64_1.17.0.201812190825/tools/compiler/bin/../lib/gcc/arm-none-eabi/7.3.1/../../../../arm-none-eabi/lib/thumb/v6-m/libc.a(lib_a-__atexit.o)

.debug_loc      0x0000000000000000      0x53f
 .debug_loc     0x0000000000000000      0x18a src/i2c.o
 .debug_loc     0x000000000000018a      0x174 src/lcd.o
 .debug_loc     0x00000000000002fe       0x9f src/systick.o
 .debug_loc     0x000000000000039d      0x1a2 startup/system_stm32l0xx.o
